Archive member included to satisfy reference by file (symbol)

c:/st/stm32cubeide_1.3.0/stm32cubeide/plugins/com.st.stm32cube.ide.mcu.externaltools.gnu-tools-for-stm32.7-2018-q2-update.win32_1.4.0.202007081208/tools/bin/../lib/gcc/arm-none-eabi/7.3.1/../../../../arm-none-eabi/lib/thumb/v7e-m/fpv4-sp/hard\libm.a(lib_a-s_sin.o)
                              FastMath/fast_math.o (sin)
c:/st/stm32cubeide_1.3.0/stm32cubeide/plugins/com.st.stm32cube.ide.mcu.externaltools.gnu-tools-for-stm32.7-2018-q2-update.win32_1.4.0.202007081208/tools/bin/../lib/gcc/arm-none-eabi/7.3.1/../../../../arm-none-eabi/lib/thumb/v7e-m/fpv4-sp/hard\libm.a(lib_a-e_rem_pio2.o)
                              c:/st/stm32cubeide_1.3.0/stm32cubeide/plugins/com.st.stm32cube.ide.mcu.externaltools.gnu-tools-for-stm32.7-2018-q2-update.win32_1.4.0.202007081208/tools/bin/../lib/gcc/arm-none-eabi/7.3.1/../../../../arm-none-eabi/lib/thumb/v7e-m/fpv4-sp/hard\libm.a(lib_a-s_sin.o) (__ieee754_rem_pio2)
c:/st/stm32cubeide_1.3.0/stm32cubeide/plugins/com.st.stm32cube.ide.mcu.externaltools.gnu-tools-for-stm32.7-2018-q2-update.win32_1.4.0.202007081208/tools/bin/../lib/gcc/arm-none-eabi/7.3.1/../../../../arm-none-eabi/lib/thumb/v7e-m/fpv4-sp/hard\libm.a(lib_a-k_cos.o)
                              c:/st/stm32cubeide_1.3.0/stm32cubeide/plugins/com.st.stm32cube.ide.mcu.externaltools.gnu-tools-for-stm32.7-2018-q2-update.win32_1.4.0.202007081208/tools/bin/../lib/gcc/arm-none-eabi/7.3.1/../../../../arm-none-eabi/lib/thumb/v7e-m/fpv4-sp/hard\libm.a(lib_a-s_sin.o) (__kernel_cos)
c:/st/stm32cubeide_1.3.0/stm32cubeide/plugins/com.st.stm32cube.ide.mcu.externaltools.gnu-tools-for-stm32.7-2018-q2-update.win32_1.4.0.202007081208/tools/bin/../lib/gcc/arm-none-eabi/7.3.1/../../../../arm-none-eabi/lib/thumb/v7e-m/fpv4-sp/hard\libm.a(lib_a-k_rem_pio2.o)
                              c:/st/stm32cubeide_1.3.0/stm32cubeide/plugins/com.st.stm32cube.ide.mcu.externaltools.gnu-tools-for-stm32.7-2018-q2-update.win32_1.4.0.202007081208/tools/bin/../lib/gcc/arm-none-eabi/7.3.1/../../../../arm-none-eabi/lib/thumb/v7e-m/fpv4-sp/hard\libm.a(lib_a-e_rem_pio2.o) (__kernel_rem_pio2)
c:/st/stm32cubeide_1.3.0/stm32cubeide/plugins/com.st.stm32cube.ide.mcu.externaltools.gnu-tools-for-stm32.7-2018-q2-update.win32_1.4.0.202007081208/tools/bin/../lib/gcc/arm-none-eabi/7.3.1/../../../../arm-none-eabi/lib/thumb/v7e-m/fpv4-sp/hard\libm.a(lib_a-k_sin.o)
                              c:/st/stm32cubeide_1.3.0/stm32cubeide/plugins/com.st.stm32cube.ide.mcu.externaltools.gnu-tools-for-stm32.7-2018-q2-update.win32_1.4.0.202007081208/tools/bin/../lib/gcc/arm-none-eabi/7.3.1/../../../../arm-none-eabi/lib/thumb/v7e-m/fpv4-sp/hard\libm.a(lib_a-s_sin.o) (__kernel_sin)
c:/st/stm32cubeide_1.3.0/stm32cubeide/plugins/com.st.stm32cube.ide.mcu.externaltools.gnu-tools-for-stm32.7-2018-q2-update.win32_1.4.0.202007081208/tools/bin/../lib/gcc/arm-none-eabi/7.3.1/../../../../arm-none-eabi/lib/thumb/v7e-m/fpv4-sp/hard\libm.a(lib_a-s_fabs.o)
                              c:/st/stm32cubeide_1.3.0/stm32cubeide/plugins/com.st.stm32cube.ide.mcu.externaltools.gnu-tools-for-stm32.7-2018-q2-update.win32_1.4.0.202007081208/tools/bin/../lib/gcc/arm-none-eabi/7.3.1/../../../../arm-none-eabi/lib/thumb/v7e-m/fpv4-sp/hard\libm.a(lib_a-e_rem_pio2.o) (fabs)
c:/st/stm32cubeide_1.3.0/stm32cubeide/plugins/com.st.stm32cube.ide.mcu.externaltools.gnu-tools-for-stm32.7-2018-q2-update.win32_1.4.0.202007081208/tools/bin/../lib/gcc/arm-none-eabi/7.3.1/../../../../arm-none-eabi/lib/thumb/v7e-m/fpv4-sp/hard\libm.a(lib_a-s_floor.o)
                              c:/st/stm32cubeide_1.3.0/stm32cubeide/plugins/com.st.stm32cube.ide.mcu.externaltools.gnu-tools-for-stm32.7-2018-q2-update.win32_1.4.0.202007081208/tools/bin/../lib/gcc/arm-none-eabi/7.3.1/../../../../arm-none-eabi/lib/thumb/v7e-m/fpv4-sp/hard\libm.a(lib_a-k_rem_pio2.o) (floor)
c:/st/stm32cubeide_1.3.0/stm32cubeide/plugins/com.st.stm32cube.ide.mcu.externaltools.gnu-tools-for-stm32.7-2018-q2-update.win32_1.4.0.202007081208/tools/bin/../lib/gcc/arm-none-eabi/7.3.1/../../../../arm-none-eabi/lib/thumb/v7e-m/fpv4-sp/hard\libm.a(lib_a-s_scalbn.o)
                              c:/st/stm32cubeide_1.3.0/stm32cubeide/plugins/com.st.stm32cube.ide.mcu.externaltools.gnu-tools-for-stm32.7-2018-q2-update.win32_1.4.0.202007081208/tools/bin/../lib/gcc/arm-none-eabi/7.3.1/../../../../arm-none-eabi/lib/thumb/v7e-m/fpv4-sp/hard\libm.a(lib_a-k_rem_pio2.o) (scalbn)
c:/st/stm32cubeide_1.3.0/stm32cubeide/plugins/com.st.stm32cube.ide.mcu.externaltools.gnu-tools-for-stm32.7-2018-q2-update.win32_1.4.0.202007081208/tools/bin/../lib/gcc/arm-none-eabi/7.3.1/../../../../arm-none-eabi/lib/thumb/v7e-m/fpv4-sp/hard\libm.a(lib_a-s_copysign.o)
[...]
Memory Configuration

Name             Origin             Length             Attributes
RAM              0x0000000020000000 0x0000000000020000 xrw
FLASH            0x0000000008000000 0x0000000000080000 xr
*default*        0x0000000000000000 0xffffffffffffffff

Linker script and memory map

LOAD c:/st/stm32cubeide_1.3.0/stm32cubeide/plugins/com.st.stm32cube.ide.mcu.externaltools.gnu-tools-for-stm32.7-2018-q2-update.win32_1.4.0.202007081208/tools/bin/../lib/gcc/arm-none-eabi/7.3.1/thumb/v7e-m/fpv4-sp/hard/crti.o
LOAD c:/st/stm32cubeide_1.3.0/stm32cubeide/plugins/com.st.stm32cube.ide.mcu.externaltools.gnu-tools-for-stm32.7-2018-q2-update.win32_1.4.0.202007081208/tools/bin/../lib/gcc/arm-none-eabi/7.3.1/thumb/v7e-m/fpv4-sp/hard/crtbegin.o
LOAD c:/st/stm32cubeide_1.3.0/stm32cubeide/plugins/com.st.stm32cube.ide.mcu.externaltools.gnu-tools-for-stm32.7-2018-q2-update.win32_1.4.0.202007081208/tools/bin/../lib/gcc/arm-none-eabi/7.3.1/../../../../arm-none-eabi/lib/thumb/v7e-m/fpv4-sp/hard/crt0.o
LOAD Core/Src/adc.o
LOAD Core/Src/crc.o
LOAD Core/Src/gpio.o
LOAD Core/Src/jdrive_main.o
LOAD Core/Src/main.o
LOAD Core/Src/spi.o
LOAD Core/Src/stm32f4xx_hal_msp.o
LOAD Core/Src/stm32f4xx_it.o
LOAD Core/Src/syscalls.o
LOAD Core/Src/sysmem.o
LOAD Core/Src/system_stm32f4xx.o
LOAD Core/Src/tim.o
LOAD Core/Src/usart.o
LOAD Core/Startup/startup_stm32f446retx.o
LOAD Drivers/STM32F4xx_HAL_Driver/Src/stm32f4xx_hal.o
LOAD Drivers/STM32F4xx_HAL_Driver/Src/stm32f4xx_hal_adc.o
LOAD Drivers/STM32F4xx_HAL_Driver/Src/stm32f4xx_hal_adc_ex.o
LOAD Drivers/STM32F4xx_HAL_Driver/Src/stm32f4xx_hal_cortex.o
LOAD Drivers/STM32F4xx_HAL_Driver/Src/stm32f4xx_hal_crc.o
LOAD Drivers/STM32F4xx_HAL_Driver/Src/stm32f4xx_hal_dma.o
LOAD Drivers/STM32F4xx_HAL_Driver/Src/stm32f4xx_hal_dma_ex.o
LOAD Drivers/STM32F4xx_HAL_Driver/Src/stm32f4xx_hal_exti.o
LOAD Drivers/STM32F4xx_HAL_Driver/Src/stm32f4xx_hal_flash.o
LOAD Drivers/STM32F4xx_HAL_Driver/Src/stm32f4xx_hal_flash_ex.o
LOAD Drivers/STM32F4xx_HAL_Driver/Src/stm32f4xx_hal_flash_ramfunc.o
LOAD Drivers/STM32F4xx_HAL_Driver/Src/stm32f4xx_hal_gpio.o
LOAD Drivers/STM32F4xx_HAL_Driver/Src/stm32f4xx_hal_pwr.o
LOAD Drivers/STM32F4xx_HAL_Driver/Src/stm32f4xx_hal_pwr_ex.o
LOAD Drivers/STM32F4xx_HAL_Driver/Src/stm32f4xx_hal_rcc.o
LOAD Drivers/STM32F4xx_HAL_Driver/Src/stm32f4xx_hal_rcc_ex.o
LOAD Drivers/STM32F4xx_HAL_Driver/Src/stm32f4xx_hal_spi.o
LOAD Drivers/STM32F4xx_HAL_Driver/Src/stm32f4xx_hal_tim.o
LOAD Drivers/STM32F4xx_HAL_Driver/Src/stm32f4xx_hal_tim_ex.o
LOAD Drivers/STM32F4xx_HAL_Driver/Src/stm32f4xx_hal_uart.o
LOAD FastMath/fast_math.o
LOAD Lowlevel/lowlevel.o
LOAD MotorControl/motor_control.o
LOAD Protocol/protocol.o
LOAD Util/util.o
START GROUP
LOAD c:/st/stm32cubeide_1.3.0/stm32cubeide/plugins/com.st.stm32cube.ide.mcu.externaltools.gnu-tools-for-stm32.7-2018-q2-update.win32_1.4.0.202007081208/tools/bin/../lib/gcc/arm-none-eabi/7.3.1/../../../../arm-none-eabi/lib/thumb/v7e-m/fpv4-sp/hard\libstdc++_nano.a
LOAD c:/st/stm32cubeide_1.3.0/stm32cubeide/plugins/com.st.stm32cube.ide.mcu.externaltools.gnu-tools-for-stm32.7-2018-q2-update.win32_1.4.0.202007081208/tools/bin/../lib/gcc/arm-none-eabi/7.3.1/../../../../arm-none-eabi/lib/thumb/v7e-m/fpv4-sp/hard\libsupc++_nano.a
END GROUP
LOAD c:/st/stm32cubeide_1.3.0/stm32cubeide/plugins/com.st.stm32cube.ide.mcu.externaltools.gnu-tools-for-stm32.7-2018-q2-update.win32_1.4.0.202007081208/tools/bin/../lib/gcc/arm-none-eabi/7.3.1/../../../../arm-none-eabi/lib/thumb/v7e-m/fpv4-sp/hard\libstdc++_nano.a
LOAD c:/st/stm32cubeide_1.3.0/stm32cubeide/plugins/com.st.stm32cube.ide.mcu.externaltools.gnu-tools-for-stm32.7-2018-q2-update.win32_1.4.0.202007081208/tools/bin/../lib/gcc/arm-none-eabi/7.3.1/../../../../arm-none-eabi/lib/thumb/v7e-m/fpv4-sp/hard\libm.a
LOAD c:/st/stm32cubeide_1.3.0/stm32cubeide/plugins/com.st.stm32cube.ide.mcu.externaltools.gnu-tools-for-stm32.7-2018-q2-update.win32_1.4.0.202007081208/tools/bin/../lib/gcc/arm-none-eabi/7.3.1/../../../../arm-none-eabi/lib/thumb/v7e-m/fpv4-sp/hard\libc_nano.a
START GROUP
LOAD c:/st/stm32cubeide_1.3.0/stm32cubeide/plugins/com.st.stm32cube.ide.mcu.externaltools.gnu-tools-for-stm32.7-2018-q2-update.win32_1.4.0.202007081208/tools/bin/../lib/gcc/arm-none-eabi/7.3.1/thumb/v7e-m/fpv4-sp/hard\libgcc.a
LOAD c:/st/stm32cubeide_1.3.0/stm32cubeide/plugins/com.st.stm32cube.ide.mcu.externaltools.gnu-tools-for-stm32.7-2018-q2-update.win32_1.4.0.202007081208/tools/bin/../lib/gcc/arm-none-eabi/7.3.1/../../../../arm-none-eabi/lib/thumb/v7e-m/fpv4-sp/hard\libc_nano.a
END GROUP
START GROUP
LOAD c:/st/stm32cubeide_1.3.0/stm32cubeide/plugins/com.st.stm32cube.ide.mcu.externaltools.gnu-tools-for-stm32.7-2018-q2-update.win32_1.4.0.202007081208/tools/bin/../lib/gcc/arm-none-eabi/7.3.1/thumb/v7e-m/fpv4-sp/hard\libgcc.a
LOAD c:/st/stm32cubeide_1.3.0/stm32cubeide/plugins/com.st.stm32cube.ide.mcu.externaltools.gnu-tools-for-stm32.7-2018-q2-update.win32_1.4.0.202007081208/tools/bin/../lib/gcc/arm-none-eabi/7.3.1/../../../../arm-none-eabi/lib/thumb/v7e-m/fpv4-sp/hard\libc_nano.a
LOAD c:/st/stm32cubeide_1.3.0/stm32cubeide/plugins/com.st.stm32cube.ide.mcu.externaltools.gnu-tools-for-stm32.7-2018-q2-update.win32_1.4.0.202007081208/tools/bin/../lib/gcc/arm-none-eabi/7.3.1/../../../../arm-none-eabi/lib/thumb/v7e-m/fpv4-sp/hard\libnosys.a
END GROUP
START GROUP
LOAD c:/st/stm32cubeide_1.3.0/stm32cubeide/plugins/com.st.stm32cube.ide.mcu.externaltools.gnu-tools-for-stm32.7-2018-q2-update.win32_1.4.0.202007081208/tools/bin/../lib/gcc/arm-none-eabi/7.3.1/thumb/v7e-m/fpv4-sp/hard\libgcc.a
LOAD c:/st/stm32cubeide_1.3.0/stm32cubeide/plugins/com.st.stm32cube.ide.mcu.externaltools.gnu-tools-for-stm32.7-2018-q2-update.win32_1.4.0.202007081208/tools/bin/../lib/gcc/arm-none-eabi/7.3.1/../../../../arm-none-eabi/lib/thumb/v7e-m/fpv4-sp/hard\libc_nano.a
LOAD c:/st/stm32cubeide_1.3.0/stm32cubeide/plugins/com.st.stm32cube.ide.mcu.externaltools.gnu-tools-for-stm32.7-2018-q2-update.win32_1.4.0.202007081208/tools/bin/../lib/gcc/arm-none-eabi/7.3.1/../../../../arm-none-eabi/lib/thumb/v7e-m/fpv4-sp/hard\libnosys.a
END GROUP
LOAD c:/st/stm32cubeide_1.3.0/stm32cubeide/plugins/com.st.stm32cube.ide.mcu.externaltools.gnu-tools-for-stm32.7-2018-q2-update.win32_1.4.0.202007081208/tools/bin/../lib/gcc/arm-none-eabi/7.3.1/thumb/v7e-m/fpv4-sp/hard/crtend.o
LOAD c:/st/stm32cubeide_1.3.0/stm32cubeide/plugins/com.st.stm32cube.ide.mcu.externaltools.gnu-tools-for-stm32.7-2018-q2-update.win32_1.4.0.202007081208/tools/bin/../lib/gcc/arm-none-eabi/7.3.1/thumb/v7e-m/fpv4-sp/hard/crtn.o
                0x0000000020020000                _estack = (ORIGIN (RAM) + LENGTH (RAM))
                0x0000000000000200                _Min_Heap_Size = 0x200
                0x0000000000000400                _Min_Stack_Size = 0x400

.isr_vector     0x0000000008000000      0x1c4
                0x0000000008000000                . = ALIGN (0x4)
 *(.isr_vector)
 .isr_vector    0x0000000008000000      0x1c4 Core/Startup/startup_stm32f446retx.o
                0x0000000008000000                g_pfnVectors
                0x00000000080001c4                . = ALIGN (0x4)

.text           0x00000000080001c8     0x60bc
                0x00000000080001c8                . = ALIGN (0x4)
 *(.text)
 .text          0x00000000080001c8       0x40 c:/st/stm32cubeide_1.3.0/stm32cubeide/plugins/com.st.stm32cube.ide.mcu.externaltools.gnu-tools-for-stm32.7-2018-q2-update.win32_1.4.0.202007081208/tools/bin/../lib/gcc/arm-none-eabi/7.3.1/thumb/v7e-m/fpv4-sp/hard/crtbegin.o
 .text          0x0000000008000208      0x378 c:/st/stm32cubeide_1.3.0/stm32cubeide/plugins/com.st.stm32cube.ide.mcu.externaltools.gnu-tools-for-stm32.7-2018-q2-update.win32_1.4.0.202007081208/tools/bin/../lib/gcc/arm-none-eabi/7.3.1/thumb/v7e-m/fpv4-sp/hard\libgcc.a(_arm_addsubdf3.o)
                0x0000000008000208                __aeabi_drsub
                0x0000000008000210                __aeabi_dsub
                0x0000000008000210                __subdf3
                0x0000000008000214                __aeabi_dadd
                0x0000000008000214                __adddf3
                0x000000000800048c                __floatunsidf
                0x000000000800048c                __aeabi_ui2d
                0x00000000080004ac                __floatsidf
                0x00000000080004ac                __aeabi_i2d
                0x00000000080004d0                __aeabi_f2d
                0x00000000080004d0                __extendsfdf2
                0x0000000008000514                __floatundidf
                0x0000000008000514                __aeabi_ul2d
                0x0000000008000524                __floatdidf
                0x0000000008000524                __aeabi_l2d
 .text          0x0000000008000580      0x424 c:/st/stm32cubeide_1.3.0/stm32cubeide/plugins/com.st.stm32cube.ide.mcu.externaltools.gnu-tools-for-stm32.7-2018-q2-update.win32_1.4.0.202007081208/tools/bin/../lib/gcc/arm-none-eabi/7.3.1/thumb/v7e-m/fpv4-sp/hard\libgcc.a(_arm_muldivdf3.o)
                0x0000000008000580                __aeabi_dmul
                0x0000000008000580                __muldf3
                0x00000000080007d4                __divdf3
                0x00000000080007d4                __aeabi_ddiv
 .text          0x00000000080009a4      0x110 c:/st/stm32cubeide_1.3.0/stm32cubeide/plugins/com.st.stm32cube.ide.mcu.externaltools.gnu-tools-for-stm32.7-2018-q2-update.win32_1.4.0.202007081208/tools/bin/../lib/gcc/arm-none-eabi/7.3.1/thumb/v7e-m/fpv4-sp/hard\libgcc.a(_arm_cmpdf2.o)
                0x00000000080009a4                __gtdf2
                0x00000000080009a4                __gedf2
                0x00000000080009ac                __ltdf2
                0x00000000080009ac                __ledf2
                0x00000000080009b4                __nedf2
                0x00000000080009b4                __eqdf2
                0x00000000080009b4                __cmpdf2
                0x0000000008000a30                __aeabi_cdrcmple
                0x0000000008000a40                __aeabi_cdcmpeq
                0x0000000008000a40                __aeabi_cdcmple
                0x0000000008000a50                __aeabi_dcmpeq
                0x0000000008000a64                __aeabi_dcmplt
                0x0000000008000a78                __aeabi_dcmple
                0x0000000008000a8c                __aeabi_dcmpge
                0x0000000008000aa0                __aeabi_dcmpgt
 .text          0x0000000008000ab4       0x50 c:/st/stm32cubeide_1.3.0/stm32cubeide/plugins/com.st.stm32cube.ide.mcu.externaltools.gnu-tools-for-stm32.7-2018-q2-update.win32_1.4.0.202007081208/tools/bin/../lib/gcc/arm-none-eabi/7.3.1/thumb/v7e-m/fpv4-sp/hard\libgcc.a(_arm_fixdfsi.o)
                0x0000000008000ab4                __aeabi_d2iz
                0x0000000008000ab4                __fixdfsi
 .text          0x0000000008000b04       0xa0 c:/st/stm32cubeide_1.3.0/stm32cubeide/plugins/com.st.stm32cube.ide.mcu.externaltools.gnu-tools-for-stm32.7-2018-q2-update.win32_1.4.0.202007081208/tools/bin/../lib/gcc/arm-none-eabi/7.3.1/thumb/v7e-m/fpv4-sp/hard\libgcc.a(_arm_truncdfsf2.o)
                0x0000000008000b04                __truncdfsf2
                0x0000000008000b04                __aeabi_d2f
 .text          0x0000000008000ba4       0x30 c:/st/stm32cubeide_1.3.0/stm32cubeide/plugins/com.st.stm32cube.ide.mcu.externaltools.gnu-tools-for-stm32.7-2018-q2-update.win32_1.4.0.202007081208/tools/bin/../lib/gcc/arm-none-eabi/7.3.1/thumb/v7e-m/fpv4-sp/hard\libgcc.a(_aeabi_uldivmod.o)
                0x0000000008000ba4                __aeabi_uldivmod
 .text          0x0000000008000bd4      0x2cc c:/st/stm32cubeide_1.3.0/stm32cubeide/plugins/com.st.stm32cube.ide.mcu.externaltools.gnu-tools-for-stm32.7-2018-q2-update.win32_1.4.0.202007081208/tools/bin/../lib/gcc/arm-none-eabi/7.3.1/thumb/v7e-m/fpv4-sp/hard\libgcc.a(_udivmoddi4.o)
                0x0000000008000bd4                __udivmoddi4
 .text          0x0000000008000ea0        0x4 c:/st/stm32cubeide_1.3.0/stm32cubeide/plugins/com.st.stm32cube.ide.mcu.externaltools.gnu-tools-for-stm32.7-2018-q2-update.win32_1.4.0.202007081208/tools/bin/../lib/gcc/arm-none-eabi/7.3.1/thumb/v7e-m/fpv4-sp/hard\libgcc.a(_dvmd_tls.o)
                0x0000000008000ea0                __aeabi_idiv0
                0x0000000008000ea0                __aeabi_ldiv0
 *(.text*)
 .text.MX_ADC1_Init
                0x0000000008000ea4       0xa4 Core/Src/adc.o
                0x0000000008000ea4                MX_ADC1_Init
 .text.MX_ADC2_Init
                0x0000000008000f48       0xa4 Core/Src/adc.o
                0x0000000008000f48                MX_ADC2_Init
 .text.MX_ADC3_Init
                0x0000000008000fec       0xe4 Core/Src/adc.o
                0x0000000008000fec                MX_ADC3_Init
 .text.HAL_ADC_MspInit
                0x00000000080010d0      0x180 Core/Src/adc.o
                0x00000000080010d0                HAL_ADC_MspInit
 .text.MX_CRC_Init
                0x0000000008001250       0x28 Core/Src/crc.o
                0x0000000008001250                MX_CRC_Init
 .text.HAL_CRC_MspInit
                0x0000000008001278       0x44 Core/Src/crc.o
                0x0000000008001278                HAL_CRC_MspInit
 .text.MX_GPIO_Init
                0x00000000080012bc      0x108 Core/Src/gpio.o
                0x00000000080012bc                MX_GPIO_Init
 .text.JDriveMain
                0x00000000080013c4      0x150 Core/Src/jdrive_main.o
                0x00000000080013c4                JDriveMain
 .text._Z7Controlv
                0x0000000008001514       0x14 Core/Src/jdrive_main.o
                0x0000000008001514                Control()
 .text.main     0x0000000008001528       0x54 Core/Src/main.o
                0x0000000008001528                main
 .text.SystemClock_Config
                0x000000000800157c       0xe4 Core/Src/main.o
                0x000000000800157c                SystemClock_Config
 .text.Error_Handler
                0x0000000008001660        0xe Core/Src/main.o
                0x0000000008001660                Error_Handler
 *fill*         0x000000000800166e        0x2 
 .text.MX_SPI2_Init
                0x0000000008001670       0x6c Core/Src/spi.o
                0x0000000008001670                MX_SPI2_Init
 .text.HAL_SPI_MspInit
                0x00000000080016dc       0xf0 Core/Src/spi.o
                0x00000000080016dc                HAL_SPI_MspInit
 .text.HAL_MspInit
                0x00000000080017cc       0x50 Core/Src/stm32f4xx_hal_msp.o
                0x00000000080017cc                HAL_MspInit
 .text.NMI_Handler
                0x000000000800181c        0xe Core/Src/stm32f4xx_it.o
                0x000000000800181c                NMI_Handler
 .text.HardFault_Handler
                0x000000000800182a        0x6 Core/Src/stm32f4xx_it.o
                0x000000000800182a                HardFault_Handler
 .text.MemManage_Handler
                0x0000000008001830        0x6 Core/Src/stm32f4xx_it.o
                0x0000000008001830                MemManage_Handler
 .text.BusFault_Handler
                0x0000000008001836        0x6 Core/Src/stm32f4xx_it.o
                0x0000000008001836                BusFault_Handler
 .text.UsageFault_Handler
                0x000000000800183c        0x6 Core/Src/stm32f4xx_it.o
                0x000000000800183c                UsageFault_Handler
 .text.SVC_Handler
                0x0000000008001842        0xe Core/Src/stm32f4xx_it.o
                0x0000000008001842                SVC_Handler
 .text.DebugMon_Handler
                0x0000000008001850        0xe Core/Src/stm32f4xx_it.o
                0x0000000008001850                DebugMon_Handler
 .text.PendSV_Handler
                0x000000000800185e        0xe Core/Src/stm32f4xx_it.o
                0x000000000800185e                PendSV_Handler
 .text.SysTick_Handler
                0x000000000800186c        0xc Core/Src/stm32f4xx_it.o
                0x000000000800186c                SysTick_Handler
 .text.TIM1_UP_TIM10_IRQHandler
                0x0000000008001878       0x14 Core/Src/stm32f4xx_it.o
                0x0000000008001878                TIM1_UP_TIM10_IRQHandler
 .text.TIM8_UP_TIM13_IRQHandler
                0x000000000800188c       0x14 Core/Src/stm32f4xx_it.o
                0x000000000800188c                TIM8_UP_TIM13_IRQHandler
 .text.SystemInit
                0x00000000080018a0       0x2c Core/Src/system_stm32f4xx.o
                0x00000000080018a0                SystemInit
 .text.MX_TIM1_Init
                0x00000000080018cc      0x170 Core/Src/tim.o
                0x00000000080018cc                MX_TIM1_Init
 .text.MX_TIM2_Init
                0x0000000008001a3c       0xec Core/Src/tim.o
                0x0000000008001a3c                MX_TIM2_Init
 .text.MX_TIM8_Init
                0x0000000008001b28       0xa0 Core/Src/tim.o
                0x0000000008001b28                MX_TIM8_Init
 .text.HAL_TIM_Base_MspInit
                0x0000000008001bc8       0xb4 Core/Src/tim.o
                0x0000000008001bc8                HAL_TIM_Base_MspInit
 .text.HAL_TIM_MspPostInit
                0x0000000008001c7c       0xfc Core/Src/tim.o
                0x0000000008001c7c                HAL_TIM_MspPostInit
 .text.MX_USART2_UART_Init
                0x0000000008001d78       0x54 Core/Src/usart.o
                0x0000000008001d78                MX_USART2_UART_Init
 .text.HAL_UART_MspInit
                0x0000000008001dcc       0x90 Core/Src/usart.o
                0x0000000008001dcc                HAL_UART_MspInit
 .text.Reset_Handler
                0x0000000008001e5c       0x50 Core/Startup/startup_stm32f446retx.o
                0x0000000008001e5c                Reset_Handler
 .text.Default_Handler
                0x0000000008001eac        0x2 Core/Startup/startup_stm32f446retx.o
                0x0000000008001eac                RTC_Alarm_IRQHandler
                0x0000000008001eac                EXTI2_IRQHandler
                0x0000000008001eac                TIM8_CC_IRQHandler
                0x0000000008001eac                FMPI2C1_EV_IRQHandler
                0x0000000008001eac                SPI4_IRQHandler
                0x0000000008001eac                TIM1_CC_IRQHandler
                0x0000000008001eac                DMA2_Stream5_IRQHandler
                0x0000000008001eac                DMA1_Stream5_IRQHandler
                0x0000000008001eac                PVD_IRQHandler
                0x0000000008001eac                SDIO_IRQHandler
                0x0000000008001eac                TAMP_STAMP_IRQHandler
                0x0000000008001eac                CAN2_RX1_IRQHandler
                0x0000000008001eac                EXTI3_IRQHandler
                0x0000000008001eac                TIM8_TRG_COM_TIM14_IRQHandler
                0x0000000008001eac                I2C3_ER_IRQHandler
                0x0000000008001eac                EXTI0_IRQHandler
                0x0000000008001eac                I2C2_EV_IRQHandler
                0x0000000008001eac                DMA1_Stream2_IRQHandler
                0x0000000008001eac                CAN1_RX0_IRQHandler
                0x0000000008001eac                FPU_IRQHandler
                0x0000000008001eac                OTG_HS_WKUP_IRQHandler
                0x0000000008001eac                CAN2_SCE_IRQHandler
                0x0000000008001eac                DMA2_Stream2_IRQHandler
                0x0000000008001eac                SPI1_IRQHandler
                0x0000000008001eac                TIM6_DAC_IRQHandler
                0x0000000008001eac                TIM1_BRK_TIM9_IRQHandler
                0x0000000008001eac                DCMI_IRQHandler
                0x0000000008001eac                CAN2_RX0_IRQHandler
                0x0000000008001eac                DMA2_Stream3_IRQHandler
                0x0000000008001eac                SAI2_IRQHandler
                0x0000000008001eac                USART6_IRQHandler
                0x0000000008001eac                USART3_IRQHandler
                0x0000000008001eac                CAN1_RX1_IRQHandler
                0x0000000008001eac                UART5_IRQHandler
                0x0000000008001eac                DMA2_Stream0_IRQHandler
                0x0000000008001eac                TIM4_IRQHandler
                0x0000000008001eac                QUADSPI_IRQHandler
                0x0000000008001eac                I2C1_EV_IRQHandler
                0x0000000008001eac                DMA1_Stream6_IRQHandler
                0x0000000008001eac                DMA1_Stream1_IRQHandler
                0x0000000008001eac                UART4_IRQHandler
                0x0000000008001eac                TIM3_IRQHandler
                0x0000000008001eac                RCC_IRQHandler
                0x0000000008001eac                TIM8_BRK_TIM12_IRQHandler
                0x0000000008001eac                Default_Handler
                0x0000000008001eac                CEC_IRQHandler
                0x0000000008001eac                EXTI15_10_IRQHandler
                0x0000000008001eac                ADC_IRQHandler
                0x0000000008001eac                DMA1_Stream7_IRQHandler
                0x0000000008001eac                TIM7_IRQHandler
                0x0000000008001eac                CAN2_TX_IRQHandler
                0x0000000008001eac                TIM5_IRQHandler
                0x0000000008001eac                DMA2_Stream7_IRQHandler
                0x0000000008001eac                I2C3_EV_IRQHandler
                0x0000000008001eac                EXTI9_5_IRQHandler
                0x0000000008001eac                RTC_WKUP_IRQHandler
                0x0000000008001eac                SPDIF_RX_IRQHandler
                0x0000000008001eac                SPI2_IRQHandler
                0x0000000008001eac                OTG_HS_EP1_IN_IRQHandler
                0x0000000008001eac                DMA1_Stream0_IRQHandler
                0x0000000008001eac                CAN1_TX_IRQHandler
                0x0000000008001eac                FMPI2C1_ER_IRQHandler
                0x0000000008001eac                EXTI4_IRQHandler
                0x0000000008001eac                OTG_HS_EP1_OUT_IRQHandler
                0x0000000008001eac                WWDG_IRQHandler
                0x0000000008001eac                TIM2_IRQHandler
                0x0000000008001eac                OTG_FS_WKUP_IRQHandler
                0x0000000008001eac                TIM1_TRG_COM_TIM11_IRQHandler
                0x0000000008001eac                OTG_HS_IRQHandler
                0x0000000008001eac                EXTI1_IRQHandler
                0x0000000008001eac                USART2_IRQHandler
                0x0000000008001eac                I2C2_ER_IRQHandler
                0x0000000008001eac                DMA2_Stream1_IRQHandler
                0x0000000008001eac                CAN1_SCE_IRQHandler
                0x0000000008001eac                FLASH_IRQHandler
                0x0000000008001eac                DMA2_Stream4_IRQHandler
                0x0000000008001eac                USART1_IRQHandler
                0x0000000008001eac                OTG_FS_IRQHandler
                0x0000000008001eac                SPI3_IRQHandler
                0x0000000008001eac                DMA1_Stream4_IRQHandler
                0x0000000008001eac                I2C1_ER_IRQHandler
                0x0000000008001eac                FMC_IRQHandler
                0x0000000008001eac                DMA2_Stream6_IRQHandler
                0x0000000008001eac                SAI1_IRQHandler
                0x0000000008001eac                DMA1_Stream3_IRQHandler
 *fill*         0x0000000008001eae        0x2 
 .text.HAL_Init
                0x0000000008001eb0       0x44 Drivers/STM32F4xx_HAL_Driver/Src/stm32f4xx_hal.o
                0x0000000008001eb0                HAL_Init
 .text.HAL_InitTick
                0x0000000008001ef4       0x60 Drivers/STM32F4xx_HAL_Driver/Src/stm32f4xx_hal.o
                0x0000000008001ef4                HAL_InitTick
 .text.HAL_IncTick
                0x0000000008001f54       0x28 Drivers/STM32F4xx_HAL_Driver/Src/stm32f4xx_hal.o
                0x0000000008001f54                HAL_IncTick
 .text.HAL_GetTick
                0x0000000008001f7c       0x18 Drivers/STM32F4xx_HAL_Driver/Src/stm32f4xx_hal.o
                0x0000000008001f7c                HAL_GetTick
 .text.HAL_Delay
                0x0000000008001f94       0x44 Drivers/STM32F4xx_HAL_Driver/Src/stm32f4xx_hal.o
                0x0000000008001f94                HAL_Delay
 .text.HAL_ADC_Init
                0x0000000008001fd8       0x86 Drivers/STM32F4xx_HAL_Driver/Src/stm32f4xx_hal_adc.o
                0x0000000008001fd8                HAL_ADC_Init
 *fill*         0x000000000800205e        0x2 
 .text.HAL_ADC_Start
                0x0000000008002060      0x18c Drivers/STM32F4xx_HAL_Driver/Src/stm32f4xx_hal_adc.o
                0x0000000008002060                HAL_ADC_Start
 .text.HAL_ADC_GetValue
                0x00000000080021ec       0x1a Drivers/STM32F4xx_HAL_Driver/Src/stm32f4xx_hal_adc.o
                0x00000000080021ec                HAL_ADC_GetValue
 *fill*         0x0000000008002206        0x2 
 .text.HAL_ADC_ConfigChannel
                0x0000000008002208      0x264 Drivers/STM32F4xx_HAL_Driver/Src/stm32f4xx_hal_adc.o
                0x0000000008002208                HAL_ADC_ConfigChannel
 .text.ADC_Init
                0x000000000800246c      0x1f8 Drivers/STM32F4xx_HAL_Driver/Src/stm32f4xx_hal_adc.o
 .text.__NVIC_SetPriorityGrouping
                0x0000000008002664       0x48 Drivers/STM32F4xx_HAL_Driver/Src/stm32f4xx_hal_cortex.o
 .text.__NVIC_GetPriorityGrouping
                0x00000000080026ac       0x1c Drivers/STM32F4xx_HAL_Driver/Src/stm32f4xx_hal_cortex.o
 .text.__NVIC_EnableIRQ
                0x00000000080026c8       0x3c Drivers/STM32F4xx_HAL_Driver/Src/stm32f4xx_hal_cortex.o
 .text.__NVIC_SetPriority
                0x0000000008002704       0x54 Drivers/STM32F4xx_HAL_Driver/Src/stm32f4xx_hal_cortex.o
 .text.NVIC_EncodePriority
                0x0000000008002758       0x66 Drivers/STM32F4xx_HAL_Driver/Src/stm32f4xx_hal_cortex.o
 *fill*         0x00000000080027be        0x2 
 .text.SysTick_Config
                0x00000000080027c0       0x44 Drivers/STM32F4xx_HAL_Driver/Src/stm32f4xx_hal_cortex.o
 .text.HAL_NVIC_SetPriorityGrouping
                0x0000000008002804       0x16 Drivers/STM32F4xx_HAL_Driver/Src/stm32f4xx_hal_cortex.o
                0x0000000008002804                HAL_NVIC_SetPriorityGrouping
 .text.HAL_NVIC_SetPriority
                0x000000000800281a       0x38 Drivers/STM32F4xx_HAL_Driver/Src/stm32f4xx_hal_cortex.o
                0x000000000800281a                HAL_NVIC_SetPriority
 .text.HAL_NVIC_EnableIRQ
                0x0000000008002852       0x1c Drivers/STM32F4xx_HAL_Driver/Src/stm32f4xx_hal_cortex.o
                0x0000000008002852                HAL_NVIC_EnableIRQ
 .text.HAL_SYSTICK_Config
                0x000000000800286e       0x18 Drivers/STM32F4xx_HAL_Driver/Src/stm32f4xx_hal_cortex.o
                0x000000000800286e                HAL_SYSTICK_Config
 .text.HAL_CRC_Init
                0x0000000008002886       0x38 Drivers/STM32F4xx_HAL_Driver/Src/stm32f4xx_hal_crc.o
                0x0000000008002886                HAL_CRC_Init
 *fill*         0x00000000080028be        0x2 
 .text.HAL_GPIO_Init
                0x00000000080028c0      0x324 Drivers/STM32F4xx_HAL_Driver/Src/stm32f4xx_hal_gpio.o
                0x00000000080028c0                HAL_GPIO_Init
 .text.HAL_GPIO_WritePin
                0x0000000008002be4       0x32 Drivers/STM32F4xx_HAL_Driver/Src/stm32f4xx_hal_gpio.o
                0x0000000008002be4                HAL_GPIO_WritePin
 .text.HAL_GPIO_TogglePin
                0x0000000008002c16       0x36 Drivers/STM32F4xx_HAL_Driver/Src/stm32f4xx_hal_gpio.o
                0x0000000008002c16                HAL_GPIO_TogglePin
 .text.HAL_PWREx_EnableOverDrive
                0x0000000008002c4c       0xa0 Drivers/STM32F4xx_HAL_Driver/Src/stm32f4xx_hal_pwr_ex.o
                0x0000000008002c4c                HAL_PWREx_EnableOverDrive
 .text.HAL_RCC_ClockConfig
                0x0000000008002cec      0x1cc Drivers/STM32F4xx_HAL_Driver/Src/stm32f4xx_hal_rcc.o
                0x0000000008002cec                HAL_RCC_ClockConfig
 .text.HAL_RCC_GetHCLKFreq
                0x0000000008002eb8       0x18 Drivers/STM32F4xx_HAL_Driver/Src/stm32f4xx_hal_rcc.o
                0x0000000008002eb8                HAL_RCC_GetHCLKFreq
 .text.HAL_RCC_GetPCLK1Freq
                0x0000000008002ed0       0x28 Drivers/STM32F4xx_HAL_Driver/Src/stm32f4xx_hal_rcc.o
                0x0000000008002ed0                HAL_RCC_GetPCLK1Freq
 .text.HAL_RCC_GetPCLK2Freq
                0x0000000008002ef8       0x28 Drivers/STM32F4xx_HAL_Driver/Src/stm32f4xx_hal_rcc.o
                0x0000000008002ef8                HAL_RCC_GetPCLK2Freq
 .text.HAL_RCC_GetSysClockFreq
                0x0000000008002f20      0x340 Drivers/STM32F4xx_HAL_Driver/Src/stm32f4xx_hal_rcc_ex.o
                0x0000000008002f20                HAL_RCC_GetSysClockFreq
 .text.HAL_RCC_OscConfig
                0x0000000008003260      0x4b4 Drivers/STM32F4xx_HAL_Driver/Src/stm32f4xx_hal_rcc_ex.o
                0x0000000008003260                HAL_RCC_OscConfig
 .text.HAL_SPI_Init
                0x0000000008003714       0xc8 Drivers/STM32F4xx_HAL_Driver/Src/stm32f4xx_hal_spi.o
                0x0000000008003714                HAL_SPI_Init
 .text.HAL_TIM_Base_Init
                0x00000000080037dc       0x56 Drivers/STM32F4xx_HAL_Driver/Src/stm32f4xx_hal_tim.o
                0x00000000080037dc                HAL_TIM_Base_Init
 .text.HAL_TIM_Base_Start_IT
                0x0000000008003832       0x48 Drivers/STM32F4xx_HAL_Driver/Src/stm32f4xx_hal_tim.o
                0x0000000008003832                HAL_TIM_Base_Start_IT
 .text.HAL_TIM_PWM_Init
                0x000000000800387a       0x56 Drivers/STM32F4xx_HAL_Driver/Src/stm32f4xx_hal_tim.o
                0x000000000800387a                HAL_TIM_PWM_Init
 .text.HAL_TIM_PWM_MspInit
                0x00000000080038d0       0x14 Drivers/STM32F4xx_HAL_Driver/Src/stm32f4xx_hal_tim.o
                0x00000000080038d0                HAL_TIM_PWM_MspInit
 .text.HAL_TIM_PWM_Start
                0x00000000080038e4       0x7c Drivers/STM32F4xx_HAL_Driver/Src/stm32f4xx_hal_tim.o
                0x00000000080038e4                HAL_TIM_PWM_Start
 .text.HAL_TIM_IRQHandler
                0x0000000008003960      0x210 Drivers/STM32F4xx_HAL_Driver/Src/stm32f4xx_hal_tim.o
                0x0000000008003960                HAL_TIM_IRQHandler
 .text.HAL_TIM_PWM_ConfigChannel
                0x0000000008003b70      0x18c Drivers/STM32F4xx_HAL_Driver/Src/stm32f4xx_hal_tim.o
                0x0000000008003b70                HAL_TIM_PWM_ConfigChannel
 .text.HAL_TIM_ConfigClockSource
                0x0000000008003cfc      0x16e Drivers/STM32F4xx_HAL_Driver/Src/stm32f4xx_hal_tim.o
                0x0000000008003cfc                HAL_TIM_ConfigClockSource
 .text.HAL_TIM_OC_DelayElapsedCallback
                0x0000000008003e6a       0x14 Drivers/STM32F4xx_HAL_Driver/Src/stm32f4xx_hal_tim.o
                0x0000000008003e6a                HAL_TIM_OC_DelayElapsedCallback
 .text.HAL_TIM_IC_CaptureCallback
                0x0000000008003e7e       0x14 Drivers/STM32F4xx_HAL_Driver/Src/stm32f4xx_hal_tim.o
                0x0000000008003e7e                HAL_TIM_IC_CaptureCallback
 .text.HAL_TIM_PWM_PulseFinishedCallback
                0x0000000008003e92       0x14 Drivers/STM32F4xx_HAL_Driver/Src/stm32f4xx_hal_tim.o
                0x0000000008003e92                HAL_TIM_PWM_PulseFinishedCallback
 .text.HAL_TIM_TriggerCallback
                0x0000000008003ea6       0x14 Drivers/STM32F4xx_HAL_Driver/Src/stm32f4xx_hal_tim.o
                0x0000000008003ea6                HAL_TIM_TriggerCallback
 *fill*         0x0000000008003eba        0x2 
 .text.TIM_Base_SetConfig
                0x0000000008003ebc      0x140 Drivers/STM32F4xx_HAL_Driver/Src/stm32f4xx_hal_tim.o
                0x0000000008003ebc                TIM_Base_SetConfig
 .text.TIM_OC1_SetConfig
                0x0000000008003ffc       0xe0 Drivers/STM32F4xx_HAL_Driver/Src/stm32f4xx_hal_tim.o
 .text.TIM_OC2_SetConfig
                0x00000000080040dc       0xec Drivers/STM32F4xx_HAL_Driver/Src/stm32f4xx_hal_tim.o
                0x00000000080040dc                TIM_OC2_SetConfig
 .text.TIM_OC3_SetConfig
                0x00000000080041c8       0xe8 Drivers/STM32F4xx_HAL_Driver/Src/stm32f4xx_hal_tim.o
 .text.TIM_OC4_SetConfig
                0x00000000080042b0       0xac Drivers/STM32F4xx_HAL_Driver/Src/stm32f4xx_hal_tim.o
 .text.TIM_TI1_ConfigInputStage
                0x000000000800435c       0x5e Drivers/STM32F4xx_HAL_Driver/Src/stm32f4xx_hal_tim.o
 .text.TIM_TI2_ConfigInputStage
                0x00000000080043ba       0x60 Drivers/STM32F4xx_HAL_Driver/Src/stm32f4xx_hal_tim.o
 .text.TIM_ITRx_SetConfig
                0x000000000800441a       0x36 Drivers/STM32F4xx_HAL_Driver/Src/stm32f4xx_hal_tim.o
 .text.TIM_ETR_SetConfig
                0x0000000008004450       0x40 Drivers/STM32F4xx_HAL_Driver/Src/stm32f4xx_hal_tim.o
                0x0000000008004450                TIM_ETR_SetConfig
 .text.TIM_CCxChannelCmd
                0x0000000008004490       0x4a Drivers/STM32F4xx_HAL_Driver/Src/stm32f4xx_hal_tim.o
                0x0000000008004490                TIM_CCxChannelCmd
 .text.HAL_TIMEx_PWMN_Start
                0x00000000080044da       0x54 Drivers/STM32F4xx_HAL_Driver/Src/stm32f4xx_hal_tim_ex.o
                0x00000000080044da                HAL_TIMEx_PWMN_Start
 *fill*         0x000000000800452e        0x2 
 .text.HAL_TIMEx_MasterConfigSynchronization
                0x0000000008004530       0xf8 Drivers/STM32F4xx_HAL_Driver/Src/stm32f4xx_hal_tim_ex.o
                0x0000000008004530                HAL_TIMEx_MasterConfigSynchronization
 .text.HAL_TIMEx_ConfigBreakDeadTime
                0x0000000008004628       0xa4 Drivers/STM32F4xx_HAL_Driver/Src/stm32f4xx_hal_tim_ex.o
                0x0000000008004628                HAL_TIMEx_ConfigBreakDeadTime
 .text.HAL_TIMEx_CommutCallback
                0x00000000080046cc       0x14 Drivers/STM32F4xx_HAL_Driver/Src/stm32f4xx_hal_tim_ex.o
                0x00000000080046cc                HAL_TIMEx_CommutCallback
 .text.HAL_TIMEx_BreakCallback
                0x00000000080046e0       0x14 Drivers/STM32F4xx_HAL_Driver/Src/stm32f4xx_hal_tim_ex.o
                0x00000000080046e0                HAL_TIMEx_BreakCallback
 .text.TIM_CCxNChannelCmd
                0x00000000080046f4       0x4a Drivers/STM32F4xx_HAL_Driver/Src/stm32f4xx_hal_tim_ex.o
 .text.HAL_UART_Init
                0x000000000800473e       0x9a Drivers/STM32F4xx_HAL_Driver/Src/stm32f4xx_hal_uart.o
                0x000000000800473e                HAL_UART_Init
 .text.UART_SetConfig
                0x00000000080047d8      0x6f8 Drivers/STM32F4xx_HAL_Driver/Src/stm32f4xx_hal_uart.o
 .text._Z12FastMathInitv
                0x0000000008004ed0       0x74 FastMath/fast_math.o
                0x0000000008004ed0                FastMathInit()
 .text.HAL_TIM_PeriodElapsedCallback
                0x0000000008004f44      0x150 Lowlevel/lowlevel.o
                0x0000000008004f44                HAL_TIM_PeriodElapsedCallback
 .text._Z15StartOnBoardLEDv
                0x0000000008005094       0x14 Lowlevel/lowlevel.o
                0x0000000008005094                StartOnBoardLED()
 .text._Z13SetOnBoardLEDm
                0x00000000080050a8       0x20 Lowlevel/lowlevel.o
                0x00000000080050a8                SetOnBoardLED(unsigned long)
 .text._Z14SetControlFuncPFvvE
                0x00000000080050c8       0x20 Lowlevel/lowlevel.o
                0x00000000080050c8                SetControlFunc(void (*)())
 .text._Z17StartControlTimerv
                0x00000000080050e8       0x1c Lowlevel/lowlevel.o
                0x00000000080050e8                StartControlTimer()
 .text._Z16StartInverterPWMv
                0x0000000008005104       0x3c Lowlevel/lowlevel.o
                0x0000000008005104                StartInverterPWM()
 .text._Z12ControlStartv
                0x0000000008005140       0x18 Lowlevel/lowlevel.o
                0x0000000008005140                ControlStart()
 .text._Z8StartADCv
                0x0000000008005158       0x38 Lowlevel/lowlevel.o
                0x0000000008005158                StartADC()
 .text._Z15GetDCVoltageRawv
                0x0000000008005190       0x18 Lowlevel/lowlevel.o
                0x0000000008005190                GetDCVoltageRaw()
 .text._Z13OffGateDriverv
                0x00000000080051a8       0x18 Lowlevel/lowlevel.o
                0x00000000080051a8                OffGateDriver()
 .text._ZN12MotorControl13ControlUpdateEv
                0x00000000080051c0       0x14 MotorControl/motor_control.o
                0x00000000080051c0                MotorControl::ControlUpdate()
 .text._Z11Delaymillism
                0x00000000080051d4       0x16 Util/util.o
                0x00000000080051d4                Delaymillis(unsigned long)
 *fill*         0x00000000080051ea        0x6 
 .text.sin      0x00000000080051f0       0x90 c:/st/stm32cubeide_1.3.0/stm32cubeide/plugins/com.st.stm32cube.ide.mcu.externaltools.gnu-tools-for-stm32.7-2018-q2-update.win32_1.4.0.202007081208/tools/bin/../lib/gcc/arm-none-eabi/7.3.1/../../../../arm-none-eabi/lib/thumb/v7e-m/fpv4-sp/hard\libm.a(lib_a-s_sin.o)
                0x00000000080051f0                sin
 .text.__ieee754_rem_pio2
                0x0000000008005280      0x3e4 c:/st/stm32cubeide_1.3.0/stm32cubeide/plugins/com.st.stm32cube.ide.mcu.externaltools.gnu-tools-for-stm32.7-2018-q2-update.win32_1.4.0.202007081208/tools/bin/../lib/gcc/arm-none-eabi/7.3.1/../../../../arm-none-eabi/lib/thumb/v7e-m/fpv4-sp/hard\libm.a(lib_a-e_rem_pio2.o)
                0x0000000008005280                __ieee754_rem_pio2
 *fill*         0x0000000008005664        0x4 
 .text.__kernel_cos
                0x0000000008005668      0x18c c:/st/stm32cubeide_1.3.0/stm32cubeide/plugins/com.st.stm32cube.ide.mcu.externaltools.gnu-tools-for-stm32.7-2018-q2-update.win32_1.4.0.202007081208/tools/bin/../lib/gcc/arm-none-eabi/7.3.1/../../../../arm-none-eabi/lib/thumb/v7e-m/fpv4-sp/hard\libm.a(lib_a-k_cos.o)
                0x0000000008005668                __kernel_cos
 *fill*         0x00000000080057f4        0x4 
 .text.__kernel_rem_pio2
                0x00000000080057f8      0x680 c:/st/stm32cubeide_1.3.0/stm32cubeide/plugins/com.st.stm32cube.ide.mcu.externaltools.gnu-tools-for-stm32.7-2018-q2-update.win32_1.4.0.202007081208/tools/bin/../lib/gcc/arm-none-eabi/7.3.1/../../../../arm-none-eabi/lib/thumb/v7e-m/fpv4-sp/hard\libm.a(lib_a-k_rem_pio2.o)
                0x00000000080057f8                __kernel_rem_pio2
 .text.__kernel_sin
                0x0000000008005e78      0x174 c:/st/stm32cubeide_1.3.0/stm32cubeide/plugins/com.st.stm32cube.ide.mcu.externaltools.gnu-tools-for-stm32.7-2018-q2-update.win32_1.4.0.202007081208/tools/bin/../lib/gcc/arm-none-eabi/7.3.1/../../../../arm-none-eabi/lib/thumb/v7e-m/fpv4-sp/hard\libm.a(lib_a-k_sin.o)
                0x0000000008005e78                __kernel_sin
 .text.fabs     0x0000000008005fec       0x12 c:/st/stm32cubeide_1.3.0/stm32cubeide/plugins/com.st.stm32cube.ide.mcu.externaltools.gnu-tools-for-stm32.7-2018-q2-update.win32_1.4.0.202007081208/tools/bin/../lib/gcc/arm-none-eabi/7.3.1/../../../../arm-none-eabi/lib/thumb/v7e-m/fpv4-sp/hard\libm.a(lib_a-s_fabs.o)
                0x0000000008005fec                fabs
 *fill*         0x0000000008005ffe        0x2 
 .text.floor    0x0000000008006000      0x108 c:/st/stm32cubeide_1.3.0/stm32cubeide/plugins/com.st.stm32cube.ide.mcu.externaltools.gnu-tools-for-stm32.7-2018-q2-update.win32_1.4.0.202007081208/tools/bin/../lib/gcc/arm-none-eabi/7.3.1/../../../../arm-none-eabi/lib/thumb/v7e-m/fpv4-sp/hard\libm.a(lib_a-s_floor.o)
                0x0000000008006000                floor
 .text.scalbn   0x0000000008006108       0xec c:/st/stm32cubeide_1.3.0/stm32cubeide/plugins/com.st.stm32cube.ide.mcu.externaltools.gnu-tools-for-stm32.7-2018-q2-update.win32_1.4.0.202007081208/tools/bin/../lib/gcc/arm-none-eabi/7.3.1/../../../../arm-none-eabi/lib/thumb/v7e-m/fpv4-sp/hard\libm.a(lib_a-s_scalbn.o)
                0x0000000008006108                scalbn
 .text.copysign
                0x00000000080061f4       0x1e c:/st/stm32cubeide_1.3.0/stm32cubeide/plugins/com.st.stm32cube.ide.mcu.externaltools.gnu-tools-for-stm32.7-2018-q2-update.win32_1.4.0.202007081208/tools/bin/../lib/gcc/arm-none-eabi/7.3.1/../../../../arm-none-eabi/lib/thumb/v7e-m/fpv4-sp/hard\libm.a(lib_a-s_copysign.o)
                0x00000000080061f4                copysign
 *fill*         0x0000000008006212        0x2 
 .text.__libc_init_array
                0x0000000008006214       0x48 c:/st/stm32cubeide_1.3.0/stm32cubeide/plugins/com.st.stm32cube.ide.mcu.externaltools.gnu-tools-for-stm32.7-2018-q2-update.win32_1.4.0.202007081208/tools/bin/../lib/gcc/arm-none-eabi/7.3.1/../../../../arm-none-eabi/lib/thumb/v7e-m/fpv4-sp/hard\libc_nano.a(lib_a-init.o)
                0x0000000008006214                __libc_init_array
 .text.memset   0x000000000800625c       0x10 c:/st/stm32cubeide_1.3.0/stm32cubeide/plugins/com.st.stm32cube.ide.mcu.externaltools.gnu-tools-for-stm32.7-2018-q2-update.win32_1.4.0.202007081208/tools/bin/../lib/gcc/arm-none-eabi/7.3.1/../../../../arm-none-eabi/lib/thumb/v7e-m/fpv4-sp/hard\libc_nano.a(lib_a-memset.o)
                0x000000000800625c                memset
 *(.glue_7)
 .glue_7        0x000000000800626c        0x0 linker stubs
 *(.glue_7t)
 .glue_7t       0x000000000800626c        0x0 linker stubs
 *(.eh_frame)
 .eh_frame      0x000000000800626c        0x0 c:/st/stm32cubeide_1.3.0/stm32cubeide/plugins/com.st.stm32cube.ide.mcu.externaltools.gnu-tools-for-stm32.7-2018-q2-update.win32_1.4.0.202007081208/tools/bin/../lib/gcc/arm-none-eabi/7.3.1/thumb/v7e-m/fpv4-sp/hard/crtbegin.o
 *(.init)
 .init          0x000000000800626c        0x4 c:/st/stm32cubeide_1.3.0/stm32cubeide/plugins/com.st.stm32cube.ide.mcu.externaltools.gnu-tools-for-stm32.7-2018-q2-update.win32_1.4.0.202007081208/tools/bin/../lib/gcc/arm-none-eabi/7.3.1/thumb/v7e-m/fpv4-sp/hard/crti.o
                0x000000000800626c                _init
 .init          0x0000000008006270        0x8 c:/st/stm32cubeide_1.3.0/stm32cubeide/plugins/com.st.stm32cube.ide.mcu.externaltools.gnu-tools-for-stm32.7-2018-q2-update.win32_1.4.0.202007081208/tools/bin/../lib/gcc/arm-none-eabi/7.3.1/thumb/v7e-m/fpv4-sp/hard/crtn.o
 *(.fini)
 .fini          0x0000000008006278        0x4 c:/st/stm32cubeide_1.3.0/stm32cubeide/plugins/com.st.stm32cube.ide.mcu.externaltools.gnu-tools-for-stm32.7-2018-q2-update.win32_1.4.0.202007081208/tools/bin/../lib/gcc/arm-none-eabi/7.3.1/thumb/v7e-m/fpv4-sp/hard/crti.o
                0x0000000008006278                _fini
 .fini          0x000000000800627c        0x8 c:/st/stm32cubeide_1.3.0/stm32cubeide/plugins/com.st.stm32cube.ide.mcu.externaltools.gnu-tools-for-stm32.7-2018-q2-update.win32_1.4.0.202007081208/tools/bin/../lib/gcc/arm-none-eabi/7.3.1/thumb/v7e-m/fpv4-sp/hard/crtn.o
                0x0000000008006284                . = ALIGN (0x4)
                0x0000000008006284                _etext = .

.vfp11_veneer   0x0000000008006284        0x0
 .vfp11_veneer  0x0000000008006284        0x0 linker stubs

.v4_bx          0x0000000008006284        0x0
 .v4_bx         0x0000000008006284        0x0 linker stubs

.iplt           0x0000000008006284        0x0
 .iplt          0x0000000008006284        0x0 c:/st/stm32cubeide_1.3.0/stm32cubeide/plugins/com.st.stm32cube.ide.mcu.externaltools.gnu-tools-for-stm32.7-2018-q2-update.win32_1.4.0.202007081208/tools/bin/../lib/gcc/arm-none-eabi/7.3.1/thumb/v7e-m/fpv4-sp/hard/crtbegin.o

.rodata         0x0000000008006288      0x1f0
                0x0000000008006288                . = ALIGN (0x4)
 *(.rodata)
 *(.rodata*)
 .rodata.AHBPrescTable
                0x0000000008006288       0x10 Core/Src/system_stm32f4xx.o
                0x0000000008006288                AHBPrescTable
 .rodata.APBPrescTable
                0x0000000008006298        0x8 Core/Src/system_stm32f4xx.o
                0x0000000008006298                APBPrescTable
 .rodata.npio2_hw
                0x00000000080062a0       0x80 c:/st/stm32cubeide_1.3.0/stm32cubeide/plugins/com.st.stm32cube.ide.mcu.externaltools.gnu-tools-for-stm32.7-2018-q2-update.win32_1.4.0.202007081208/tools/bin/../lib/gcc/arm-none-eabi/7.3.1/../../../../arm-none-eabi/lib/thumb/v7e-m/fpv4-sp/hard\libm.a(lib_a-e_rem_pio2.o)
 .rodata.two_over_pi
                0x0000000008006320      0x108 c:/st/stm32cubeide_1.3.0/stm32cubeide/plugins/com.st.stm32cube.ide.mcu.externaltools.gnu-tools-for-stm32.7-2018-q2-update.win32_1.4.0.202007081208/tools/bin/../lib/gcc/arm-none-eabi/7.3.1/../../../../arm-none-eabi/lib/thumb/v7e-m/fpv4-sp/hard\libm.a(lib_a-e_rem_pio2.o)
 .rodata.PIo2   0x0000000008006428       0x40 c:/st/stm32cubeide_1.3.0/stm32cubeide/plugins/com.st.stm32cube.ide.mcu.externaltools.gnu-tools-for-stm32.7-2018-q2-update.win32_1.4.0.202007081208/tools/bin/../lib/gcc/arm-none-eabi/7.3.1/../../../../arm-none-eabi/lib/thumb/v7e-m/fpv4-sp/hard\libm.a(lib_a-k_rem_pio2.o)
 .rodata.init_jk
                0x0000000008006468       0x10 c:/st/stm32cubeide_1.3.0/stm32cubeide/plugins/com.st.stm32cube.ide.mcu.externaltools.gnu-tools-for-stm32.7-2018-q2-update.win32_1.4.0.202007081208/tools/bin/../lib/gcc/arm-none-eabi/7.3.1/../../../../arm-none-eabi/lib/thumb/v7e-m/fpv4-sp/hard\libm.a(lib_a-k_rem_pio2.o)
                0x0000000008006478                . = ALIGN (0x4)

.ARM.extab      0x0000000008006478        0x0
                0x0000000008006478                . = ALIGN (0x4)
 *(.ARM.extab* .gnu.linkonce.armextab.*)
                0x0000000008006478                . = ALIGN (0x4)

.ARM            0x0000000008006478        0x8
                0x0000000008006478                . = ALIGN (0x4)
                0x0000000008006478                __exidx_start = .
 *(.ARM.exidx*)
 .ARM.exidx     0x0000000008006478        0x8 c:/st/stm32cubeide_1.3.0/stm32cubeide/plugins/com.st.stm32cube.ide.mcu.externaltools.gnu-tools-for-stm32.7-2018-q2-update.win32_1.4.0.202007081208/tools/bin/../lib/gcc/arm-none-eabi/7.3.1/thumb/v7e-m/fpv4-sp/hard\libgcc.a(_udivmoddi4.o)
                0x0000000008006480                __exidx_end = .
                0x0000000008006480                . = ALIGN (0x4)

.rel.dyn        0x0000000008006480        0x0
 .rel.iplt      0x0000000008006480        0x0 c:/st/stm32cubeide_1.3.0/stm32cubeide/plugins/com.st.stm32cube.ide.mcu.externaltools.gnu-tools-for-stm32.7-2018-q2-update.win32_1.4.0.202007081208/tools/bin/../lib/gcc/arm-none-eabi/7.3.1/thumb/v7e-m/fpv4-sp/hard/crtbegin.o

.preinit_array  0x0000000008006480        0x0
                0x0000000008006480                . = ALIGN (0x4)
                0x0000000008006480                PROVIDE (__preinit_array_start = .)
 *(.preinit_array*)
                0x0000000008006480                PROVIDE (__preinit_array_end = .)
                0x0000000008006480                . = ALIGN (0x4)

.init_array     0x0000000008006480        0x4
                0x0000000008006480                . = ALIGN (0x4)
                0x0000000008006480                PROVIDE (__init_array_start = .)
 *(SORT_BY_NAME(.init_array.*))
 *(.init_array*)
 .init_array    0x0000000008006480        0x4 c:/st/stm32cubeide_1.3.0/stm32cubeide/plugins/com.st.stm32cube.ide.mcu.externaltools.gnu-tools-for-stm32.7-2018-q2-update.win32_1.4.0.202007081208/tools/bin/../lib/gcc/arm-none-eabi/7.3.1/thumb/v7e-m/fpv4-sp/hard/crtbegin.o
                0x0000000008006484                PROVIDE (__init_array_end = .)
                0x0000000008006484                . = ALIGN (0x4)

.fini_array     0x0000000008006484        0x4
                0x0000000008006484                . = ALIGN (0x4)
                [!provide]                        PROVIDE (__fini_array_start = .)
 *(SORT_BY_NAME(.fini_array.*))
 *(.fini_array*)
 .fini_array    0x0000000008006484        0x4 c:/st/stm32cubeide_1.3.0/stm32cubeide/plugins/com.st.stm32cube.ide.mcu.externaltools.gnu-tools-for-stm32.7-2018-q2-update.win32_1.4.0.202007081208/tools/bin/../lib/gcc/arm-none-eabi/7.3.1/thumb/v7e-m/fpv4-sp/hard/crtbegin.o
                [!provide]                        PROVIDE (__fini_array_end = .)
                0x0000000008006488                . = ALIGN (0x4)
                0x0000000008006488                _sidata = LOADADDR (.data)

.data           0x0000000020000000        0xc load address 0x0000000008006488
                0x0000000020000000                . = ALIGN (0x4)
                0x0000000020000000                _sdata = .
 *(.data)
 *(.data*)
 .data.SystemCoreClock
                0x0000000020000000        0x4 Core/Src/system_stm32f4xx.o
                0x0000000020000000                SystemCoreClock
 .data.uwTickPrio
                0x0000000020000004        0x4 Drivers/STM32F4xx_HAL_Driver/Src/stm32f4xx_hal.o
                0x0000000020000004                uwTickPrio
 .data.uwTickFreq
                0x0000000020000008        0x1 Drivers/STM32F4xx_HAL_Driver/Src/stm32f4xx_hal.o
                0x0000000020000008                uwTickFreq
                0x000000002000000c                . = ALIGN (0x4)
 *fill*         0x0000000020000009        0x3 
                0x000000002000000c                _edata = .

.igot.plt       0x000000002000000c        0x0 load address 0x0000000008006494
 .igot.plt      0x000000002000000c        0x0 c:/st/stm32cubeide_1.3.0/stm32cubeide/plugins/com.st.stm32cube.ide.mcu.externaltools.gnu-tools-for-stm32.7-2018-q2-update.win32_1.4.0.202007081208/tools/bin/../lib/gcc/arm-none-eabi/7.3.1/thumb/v7e-m/fpv4-sp/hard/crtbegin.o
                0x000000002000000c                . = ALIGN (0x4)

.bss            0x000000002000000c     0x42c8 load address 0x0000000008006494
                0x000000002000000c                _sbss = .
                0x000000002000000c                __bss_start__ = _sbss
 *(.bss)
 .bss           0x000000002000000c       0x1c c:/st/stm32cubeide_1.3.0/stm32cubeide/plugins/com.st.stm32cube.ide.mcu.externaltools.gnu-tools-for-stm32.7-2018-q2-update.win32_1.4.0.202007081208/tools/bin/../lib/gcc/arm-none-eabi/7.3.1/thumb/v7e-m/fpv4-sp/hard/crtbegin.o
 *(.bss*)
 .bss.Motor     0x0000000020000028       0x60 Core/Src/jdrive_main.o
                0x0000000020000028                Motor
 .bss.sineTable
                0x0000000020000088     0x3ffc FastMath/fast_math.o
                0x0000000020000088                sineTable
 .bss.SO1       0x0000000020004084        0x2 Lowlevel/lowlevel.o
                0x0000000020004084                SO1
 .bss.SO2       0x0000000020004086        0x2 Lowlevel/lowlevel.o
                0x0000000020004086                SO2
 .bss.ADC3Raw   0x0000000020004088        0x6 Lowlevel/lowlevel.o
                0x0000000020004088                ADC3Raw
 .bss.adcIdx    0x000000002000408e        0x1 Lowlevel/lowlevel.o
                0x000000002000408e                adcIdx
 *fill*         0x000000002000408f        0x1 
 .bss.Control   0x0000000020004090        0x4 Lowlevel/lowlevel.o
                0x0000000020004090                Control
 .bss.controlStart
                0x0000000020004094        0x1 Lowlevel/lowlevel.o
                0x0000000020004094                controlStart
 *(COMMON)
 *fill*         0x0000000020004095        0x3 
 COMMON         0x0000000020004098       0xd8 Core/Src/adc.o
                0x0000000020004098                hadc2
                0x00000000200040e0                hadc1
                0x0000000020004128                hadc3
 COMMON         0x0000000020004170        0x8 Core/Src/crc.o
                0x0000000020004170                hcrc
 COMMON         0x0000000020004178       0x58 Core/Src/spi.o
                0x0000000020004178                hspi2
 COMMON         0x00000000200041d0       0xc0 Core/Src/tim.o
                0x00000000200041d0                htim8
                0x0000000020004210                htim1
                0x0000000020004250                htim2
 COMMON         0x0000000020004290       0x40 Core/Src/usart.o
                0x0000000020004290                huart2
 COMMON         0x00000000200042d0        0x4 Drivers/STM32F4xx_HAL_Driver/Src/stm32f4xx_hal.o
                0x00000000200042d0                uwTick
                0x00000000200042d4                . = ALIGN (0x4)
                0x00000000200042d4                _ebss = .
                0x00000000200042d4                __bss_end__ = _ebss

._user_heap_stack
                0x00000000200042d4      0x604 load address 0x0000000008006494
                0x00000000200042d8                . = ALIGN (0x8)
 *fill*         0x00000000200042d4        0x4 
                [!provide]                        PROVIDE (end = .)
                0x00000000200042d8                PROVIDE (_end = .)
                0x00000000200044d8                . = (. + _Min_Heap_Size)
 *fill*         0x00000000200042d8      0x200 
                0x00000000200048d8                . = (. + _Min_Stack_Size)
 *fill*         0x00000000200044d8      0x400 
                0x00000000200048d8                . = ALIGN (0x8)

/DISCARD/
 libc.a(*)
 libm.a(*)
 libgcc.a(*)

.ARM.attributes
                0x0000000000000000       0x30
 *(.ARM.attributes)
 .ARM.attributes
                0x0000000000000000       0x22 c:/st/stm32cubeide_1.3.0/stm32cubeide/plugins/com.st.stm32cube.ide.mcu.externaltools.gnu-tools-for-stm32.7-2018-q2-update.win32_1.4.0.202007081208/tools/bin/../lib/gcc/arm-none-eabi/7.3.1/thumb/v7e-m/fpv4-sp/hard/crti.o
 .ARM.attributes
                0x0000000000000022       0x34 c:/st/stm32cubeide_1.3.0/stm32cubeide/plugins/com.st.stm32cube.ide.mcu.externaltools.gnu-tools-for-stm32.7-2018-q2-update.win32_1.4.0.202007081208/tools/bin/../lib/gcc/arm-none-eabi/7.3.1/thumb/v7e-m/fpv4-sp/hard/crtbegin.o
 .ARM.attributes
                0x0000000000000056       0x39 Core/Src/adc.o
 .ARM.attributes
                0x000000000000008f       0x39 Core/Src/crc.o
 .ARM.attributes
                0x00000000000000c8       0x39 Core/Src/gpio.o
 .ARM.attributes
                0x0000000000000101       0x39 Core/Src/jdrive_main.o
 .ARM.attributes
                0x000000000000013a       0x39 Core/Src/main.o
 .ARM.attributes
                0x0000000000000173       0x39 Core/Src/spi.o
 .ARM.attributes
                0x00000000000001ac       0x39 Core/Src/stm32f4xx_hal_msp.o
 .ARM.attributes
                0x00000000000001e5       0x39 Core/Src/stm32f4xx_it.o
 .ARM.attributes
                0x000000000000021e       0x39 Core/Src/system_stm32f4xx.o
 .ARM.attributes
                0x0000000000000257       0x39 Core/Src/tim.o
 .ARM.attributes
                0x0000000000000290       0x39 Core/Src/usart.o
 .ARM.attributes
                0x00000000000002c9       0x21 Core/Startup/startup_stm32f446retx.o
 .ARM.attributes
                0x00000000000002ea       0x39 Drivers/STM32F4xx_HAL_Driver/Src/stm32f4xx_hal.o
 .ARM.attributes
                0x0000000000000323       0x39 Drivers/STM32F4xx_HAL_Driver/Src/stm32f4xx_hal_adc.o
 .ARM.attributes
                0x000000000000035c       0x39 Drivers/STM32F4xx_HAL_Driver/Src/stm32f4xx_hal_cortex.o
 .ARM.attributes
                0x0000000000000395       0x39 Drivers/STM32F4xx_HAL_Driver/Src/stm32f4xx_hal_crc.o
 .ARM.attributes
                0x00000000000003ce       0x39 Drivers/STM32F4xx_HAL_Driver/Src/stm32f4xx_hal_gpio.o
 .ARM.attributes
                0x0000000000000407       0x39 Drivers/STM32F4xx_HAL_Driver/Src/stm32f4xx_hal_pwr_ex.o
 .ARM.attributes
                0x0000000000000440       0x39 Drivers/STM32F4xx_HAL_Driver/Src/stm32f4xx_hal_rcc.o
 .ARM.attributes
                0x0000000000000479       0x39 Drivers/STM32F4xx_HAL_Driver/Src/stm32f4xx_hal_rcc_ex.o
 .ARM.attributes
                0x00000000000004b2       0x39 Drivers/STM32F4xx_HAL_Driver/Src/stm32f4xx_hal_spi.o
 .ARM.attributes
                0x00000000000004eb       0x39 Drivers/STM32F4xx_HAL_Driver/Src/stm32f4xx_hal_tim.o
 .ARM.attributes
                0x0000000000000524       0x39 Drivers/STM32F4xx_HAL_Driver/Src/stm32f4xx_hal_tim_ex.o
 .ARM.attributes
                0x000000000000055d       0x39 Drivers/STM32F4xx_HAL_Driver/Src/stm32f4xx_hal_uart.o
 .ARM.attributes
                0x0000000000000596       0x39 FastMath/fast_math.o
 .ARM.attributes
                0x00000000000005cf       0x39 Lowlevel/lowlevel.o
 .ARM.attributes
                0x0000000000000608       0x39 MotorControl/motor_control.o
 .ARM.attributes
                0x0000000000000641       0x39 Util/util.o
 .ARM.attributes
                0x000000000000067a       0x34 c:/st/stm32cubeide_1.3.0/stm32cubeide/plugins/com.st.stm32cube.ide.mcu.externaltools.gnu-tools-for-stm32.7-2018-q2-update.win32_1.4.0.202007081208/tools/bin/../lib/gcc/arm-none-eabi/7.3.1/../../../../arm-none-eabi/lib/thumb/v7e-m/fpv4-sp/hard\libm.a(lib_a-s_sin.o)
 .ARM.attributes
                0x00000000000006ae       0x34 c:/st/stm32cubeide_1.3.0/stm32cubeide/plugins/com.st.stm32cube.ide.mcu.externaltools.gnu-tools-for-stm32.7-2018-q2-update.win32_1.4.0.202007081208/tools/bin/../lib/gcc/arm-none-eabi/7.3.1/../../../../arm-none-eabi/lib/thumb/v7e-m/fpv4-sp/hard\libm.a(lib_a-e_rem_pio2.o)
 .ARM.attributes
                0x00000000000006e2       0x34 c:/st/stm32cubeide_1.3.0/stm32cubeide/plugins/com.st.stm32cube.ide.mcu.externaltools.gnu-tools-for-stm32.7-2018-q2-update.win32_1.4.0.202007081208/tools/bin/../lib/gcc/arm-none-eabi/7.3.1/../../../../arm-none-eabi/lib/thumb/v7e-m/fpv4-sp/hard\libm.a(lib_a-k_cos.o)
 .ARM.attributes
                0x0000000000000716       0x34 c:/st/stm32cubeide_1.3.0/stm32cubeide/plugins/com.st.stm32cube.ide.mcu.externaltools.gnu-tools-for-stm32.7-2018-q2-update.win32_1.4.0.202007081208/tools/bin/../lib/gcc/arm-none-eabi/7.3.1/../../../../arm-none-eabi/lib/thumb/v7e-m/fpv4-sp/hard\libm.a(lib_a-k_rem_pio2.o)
 .ARM.attributes
                0x000000000000074a       0x34 c:/st/stm32cubeide_1.3.0/stm32cubeide/plugins/com.st.stm32cube.ide.mcu.externaltools.gnu-tools-for-stm32.7-2018-q2-update.win32_1.4.0.202007081208/tools/bin/../lib/gcc/arm-none-eabi/7.3.1/../../../../arm-none-eabi/lib/thumb/v7e-m/fpv4-sp/hard\libm.a(lib_a-k_sin.o)
 .ARM.attributes
                0x000000000000077e       0x34 c:/st/stm32cubeide_1.3.0/stm32cubeide/plugins/com.st.stm32cube.ide.mcu.externaltools.gnu-tools-for-stm32.7-2018-q2-update.win32_1.4.0.202007081208/tools/bin/../lib/gcc/arm-none-eabi/7.3.1/../../../../arm-none-eabi/lib/thumb/v7e-m/fpv4-sp/hard\libm.a(lib_a-s_fabs.o)
 .ARM.attributes
                0x00000000000007b2       0x34 c:/st/stm32cubeide_1.3.0/stm32cubeide/plugins/com.st.stm32cube.ide.mcu.externaltools.gnu-tools-for-stm32.7-2018-q2-update.win32_1.4.0.202007081208/tools/bin/../lib/gcc/arm-none-eabi/7.3.1/../../../../arm-none-eabi/lib/thumb/v7e-m/fpv4-sp/hard\libm.a(lib_a-s_floor.o)
 .ARM.attributes
                0x00000000000007e6       0x34 c:/st/stm32cubeide_1.3.0/stm32cubeide/plugins/com.st.stm32cube.ide.mcu.externaltools.gnu-tools-for-stm32.7-2018-q2-update.win32_1.4.0.202007081208/tools/bin/../lib/gcc/arm-none-eabi/7.3.1/../../../../arm-none-eabi/lib/thumb/v7e-m/fpv4-sp/hard\libm.a(lib_a-s_scalbn.o)
 .ARM.attributes
                0x000000000000081a       0x34 c:/st/stm32cubeide_1.3.0/stm32cubeide/plugins/com.st.stm32cube.ide.mcu.externaltools.gnu-tools-for-stm32.7-2018-q2-update.win32_1.4.0.202007081208/tools/bin/../lib/gcc/arm-none-eabi/7.3.1/../../../../arm-none-eabi/lib/thumb/v7e-m/fpv4-sp/hard\libm.a(lib_a-s_copysign.o)
 .ARM.attributes
                0x000000000000084e       0x34 c:/st/stm32cubeide_1.3.0/stm32cubeide/plugins/com.st.stm32cube.ide.mcu.externaltools.gnu-tools-for-stm32.7-2018-q2-update.win32_1.4.0.202007081208/tools/bin/../lib/gcc/arm-none-eabi/7.3.1/../../../../arm-none-eabi/lib/thumb/v7e-m/fpv4-sp/hard\libc_nano.a(lib_a-init.o)
 .ARM.attributes
                0x0000000000000882       0x34 c:/st/stm32cubeide_1.3.0/stm32cubeide/plugins/com.st.stm32cube.ide.mcu.externaltools.gnu-tools-for-stm32.7-2018-q2-update.win32_1.4.0.202007081208/tools/bin/../lib/gcc/arm-none-eabi/7.3.1/../../../../arm-none-eabi/lib/thumb/v7e-m/fpv4-sp/hard\libc_nano.a(lib_a-memset.o)
 .ARM.attributes
                0x00000000000008b6       0x22 c:/st/stm32cubeide_1.3.0/stm32cubeide/plugins/com.st.stm32cube.ide.mcu.externaltools.gnu-tools-for-stm32.7-2018-q2-update.win32_1.4.0.202007081208/tools/bin/../lib/gcc/arm-none-eabi/7.3.1/thumb/v7e-m/fpv4-sp/hard\libgcc.a(_arm_addsubdf3.o)
 .ARM.attributes
                0x00000000000008d8       0x22 c:/st/stm32cubeide_1.3.0/stm32cubeide/plugins/com.st.stm32cube.ide.mcu.externaltools.gnu-tools-for-stm32.7-2018-q2-update.win32_1.4.0.202007081208/tools/bin/../lib/gcc/arm-none-eabi/7.3.1/thumb/v7e-m/fpv4-sp/hard\libgcc.a(_arm_muldivdf3.o)
 .ARM.attributes
                0x00000000000008fa       0x22 c:/st/stm32cubeide_1.3.0/stm32cubeide/plugins/com.st.stm32cube.ide.mcu.externaltools.gnu-tools-for-stm32.7-2018-q2-update.win32_1.4.0.202007081208/tools/bin/../lib/gcc/arm-none-eabi/7.3.1/thumb/v7e-m/fpv4-sp/hard\libgcc.a(_arm_cmpdf2.o)
 .ARM.attributes
                0x000000000000091c       0x22 c:/st/stm32cubeide_1.3.0/stm32cubeide/plugins/com.st.stm32cube.ide.mcu.externaltools.gnu-tools-for-stm32.7-2018-q2-update.win32_1.4.0.202007081208/tools/bin/../lib/gcc/arm-none-eabi/7.3.1/thumb/v7e-m/fpv4-sp/hard\libgcc.a(_arm_fixdfsi.o)
 .ARM.attributes
                0x000000000000093e       0x22 c:/st/stm32cubeide_1.3.0/stm32cubeide/plugins/com.st.stm32cube.ide.mcu.externaltools.gnu-tools-for-stm32.7-2018-q2-update.win32_1.4.0.202007081208/tools/bin/../lib/gcc/arm-none-eabi/7.3.1/thumb/v7e-m/fpv4-sp/hard\libgcc.a(_arm_truncdfsf2.o)
 .ARM.attributes
                0x0000000000000960       0x22 c:/st/stm32cubeide_1.3.0/stm32cubeide/plugins/com.st.stm32cube.ide.mcu.externaltools.gnu-tools-for-stm32.7-2018-q2-update.win32_1.4.0.202007081208/tools/bin/../lib/gcc/arm-none-eabi/7.3.1/thumb/v7e-m/fpv4-sp/hard\libgcc.a(_aeabi_uldivmod.o)
 .ARM.attributes
                0x0000000000000982       0x34 c:/st/stm32cubeide_1.3.0/stm32cubeide/plugins/com.st.stm32cube.ide.mcu.externaltools.gnu-tools-for-stm32.7-2018-q2-update.win32_1.4.0.202007081208/tools/bin/../lib/gcc/arm-none-eabi/7.3.1/thumb/v7e-m/fpv4-sp/hard\libgcc.a(_udivmoddi4.o)
 .ARM.attributes
                0x00000000000009b6       0x22 c:/st/stm32cubeide_1.3.0/stm32cubeide/plugins/com.st.stm32cube.ide.mcu.externaltools.gnu-tools-for-stm32.7-2018-q2-update.win32_1.4.0.202007081208/tools/bin/../lib/gcc/arm-none-eabi/7.3.1/thumb/v7e-m/fpv4-sp/hard\libgcc.a(_dvmd_tls.o)
 .ARM.attributes
                0x00000000000009d8       0x22 c:/st/stm32cubeide_1.3.0/stm32cubeide/plugins/com.st.stm32cube.ide.mcu.externaltools.gnu-tools-for-stm32.7-2018-q2-update.win32_1.4.0.202007081208/tools/bin/../lib/gcc/arm-none-eabi/7.3.1/thumb/v7e-m/fpv4-sp/hard/crtn.o
OUTPUT(J-Drive.elf elf32-littlearm)

.debug_info     0x0000000000000000    0x1780f
 .debug_info    0x0000000000000000      0xb18 Core/Src/adc.o
 .debug_info    0x0000000000000b18      0x514 Core/Src/crc.o
 .debug_info    0x000000000000102c      0x4e0 Core/Src/gpio.o
 .debug_info    0x000000000000150c     0x1e06 Core/Src/jdrive_main.o
 .debug_info    0x0000000000003312     0x12a7 Core/Src/main.o
 .debug_info    0x00000000000045b9      0xa07 Core/Src/spi.o
 .debug_info    0x0000000000004fc0      0x396 Core/Src/stm32f4xx_hal_msp.o
 .debug_info    0x0000000000005356      0x707 Core/Src/stm32f4xx_it.o
 .debug_info    0x0000000000005a5d      0x588 Core/Src/system_stm32f4xx.o
 .debug_info    0x0000000000005fe5      0xf01 Core/Src/tim.o
 .debug_info    0x0000000000006ee6      0x97e Core/Src/usart.o
 .debug_info    0x0000000000007864       0x22 Core/Startup/startup_stm32f446retx.o
 .debug_info    0x0000000000007886      0x997 Drivers/STM32F4xx_HAL_Driver/Src/stm32f4xx_hal.o
 .debug_info    0x000000000000821d      0xcee Drivers/STM32F4xx_HAL_Driver/Src/stm32f4xx_hal_adc.o
 .debug_info    0x0000000000008f0b      0xe46 Drivers/STM32F4xx_HAL_Driver/Src/stm32f4xx_hal_cortex.o
 .debug_info    0x0000000000009d51      0x441 Drivers/STM32F4xx_HAL_Driver/Src/stm32f4xx_hal_crc.o
 .debug_info    0x000000000000a192      0x803 Drivers/STM32F4xx_HAL_Driver/Src/stm32f4xx_hal_gpio.o
 .debug_info    0x000000000000a995      0x761 Drivers/STM32F4xx_HAL_Driver/Src/stm32f4xx_hal_pwr_ex.o
 .debug_info    0x000000000000b0f6      0x944 Drivers/STM32F4xx_HAL_Driver/Src/stm32f4xx_hal_rcc.o
 .debug_info    0x000000000000ba3a      0x9d5 Drivers/STM32F4xx_HAL_Driver/Src/stm32f4xx_hal_rcc_ex.o
 .debug_info    0x000000000000c40f     0x163a Drivers/STM32F4xx_HAL_Driver/Src/stm32f4xx_hal_spi.o
 .debug_info    0x000000000000da49     0x24a9 Drivers/STM32F4xx_HAL_Driver/Src/stm32f4xx_hal_tim.o
 .debug_info    0x000000000000fef2     0x1157 Drivers/STM32F4xx_HAL_Driver/Src/stm32f4xx_hal_tim_ex.o
 .debug_info    0x0000000000011049     0x124c Drivers/STM32F4xx_HAL_Driver/Src/stm32f4xx_hal_uart.o
 .debug_info    0x0000000000012295     0x1428 FastMath/fast_math.o
 .debug_info    0x00000000000136bd     0x1f08 Lowlevel/lowlevel.o
 .debug_info    0x00000000000155c5     0x1de5 MotorControl/motor_control.o
 .debug_info    0x00000000000173aa      0x465 Util/util.o

.debug_abbrev   0x0000000000000000     0x350f
 .debug_abbrev  0x0000000000000000      0x199 Core/Src/adc.o
 .debug_abbrev  0x0000000000000199      0x159 Core/Src/crc.o
 .debug_abbrev  0x00000000000002f2      0x134 Core/Src/gpio.o
 .debug_abbrev  0x0000000000000426      0x355 Core/Src/jdrive_main.o
 .debug_abbrev  0x000000000000077b      0x1a8 Core/Src/main.o
 .debug_abbrev  0x0000000000000923      0x199 Core/Src/spi.o
 .debug_abbrev  0x0000000000000abc      0x109 Core/Src/stm32f4xx_hal_msp.o
 .debug_abbrev  0x0000000000000bc5      0x15a Core/Src/stm32f4xx_it.o
 .debug_abbrev  0x0000000000000d1f      0x12b Core/Src/system_stm32f4xx.o
 .debug_abbrev  0x0000000000000e4a      0x1eb Core/Src/tim.o
 .debug_abbrev  0x0000000000001035      0x199 Core/Src/usart.o
 .debug_abbrev  0x00000000000011ce       0x12 Core/Startup/startup_stm32f446retx.o
 .debug_abbrev  0x00000000000011e0      0x1c7 Drivers/STM32F4xx_HAL_Driver/Src/stm32f4xx_hal.o
 .debug_abbrev  0x00000000000013a7      0x205 Drivers/STM32F4xx_HAL_Driver/Src/stm32f4xx_hal_adc.o
 .debug_abbrev  0x00000000000015ac      0x2fa Drivers/STM32F4xx_HAL_Driver/Src/stm32f4xx_hal_cortex.o
 .debug_abbrev  0x00000000000018a6      0x1b7 Drivers/STM32F4xx_HAL_Driver/Src/stm32f4xx_hal_crc.o
 .debug_abbrev  0x0000000000001a5d      0x1c9 Drivers/STM32F4xx_HAL_Driver/Src/stm32f4xx_hal_gpio.o
 .debug_abbrev  0x0000000000001c26      0x1b8 Drivers/STM32F4xx_HAL_Driver/Src/stm32f4xx_hal_pwr_ex.o
 .debug_abbrev  0x0000000000001dde      0x245 Drivers/STM32F4xx_HAL_Driver/Src/stm32f4xx_hal_rcc.o
 .debug_abbrev  0x0000000000002023      0x1bc Drivers/STM32F4xx_HAL_Driver/Src/stm32f4xx_hal_rcc_ex.o
 .debug_abbrev  0x00000000000021df      0x240 Drivers/STM32F4xx_HAL_Driver/Src/stm32f4xx_hal_spi.o
 .debug_abbrev  0x000000000000241f      0x230 Drivers/STM32F4xx_HAL_Driver/Src/stm32f4xx_hal_tim.o
 .debug_abbrev  0x000000000000264f      0x21e Drivers/STM32F4xx_HAL_Driver/Src/stm32f4xx_hal_tim_ex.o
 .debug_abbrev  0x000000000000286d      0x242 Drivers/STM32F4xx_HAL_Driver/Src/stm32f4xx_hal_uart.o
 .debug_abbrev  0x0000000000002aaf      0x2bb FastMath/fast_math.o
 .debug_abbrev  0x0000000000002d6a      0x352 Lowlevel/lowlevel.o
 .debug_abbrev  0x00000000000030bc      0x33c MotorControl/motor_control.o
 .debug_abbrev  0x00000000000033f8      0x117 Util/util.o

.debug_aranges  0x0000000000000000     0x1120
 .debug_aranges
                0x0000000000000000       0x40 Core/Src/adc.o
 .debug_aranges
                0x0000000000000040       0x30 Core/Src/crc.o
 .debug_aranges
                0x0000000000000070       0x20 Core/Src/gpio.o
 .debug_aranges
                0x0000000000000090       0x28 Core/Src/jdrive_main.o
 .debug_aranges
                0x00000000000000b8       0x30 Core/Src/main.o
 .debug_aranges
                0x00000000000000e8       0x30 Core/Src/spi.o
 .debug_aranges
                0x0000000000000118       0x20 Core/Src/stm32f4xx_hal_msp.o
 .debug_aranges
                0x0000000000000138       0x70 Core/Src/stm32f4xx_it.o
 .debug_aranges
                0x00000000000001a8       0x28 Core/Src/system_stm32f4xx.o
 .debug_aranges
                0x00000000000001d0       0x48 Core/Src/tim.o
 .debug_aranges
                0x0000000000000218       0x30 Core/Src/usart.o
 .debug_aranges
                0x0000000000000248       0x28 Core/Startup/startup_stm32f446retx.o
 .debug_aranges
                0x0000000000000270       0xf0 Drivers/STM32F4xx_HAL_Driver/Src/stm32f4xx_hal.o
 .debug_aranges
                0x0000000000000360       0xe8 Drivers/STM32F4xx_HAL_Driver/Src/stm32f4xx_hal_adc.o
 .debug_aranges
                0x0000000000000448      0x118 Drivers/STM32F4xx_HAL_Driver/Src/stm32f4xx_hal_cortex.o
 .debug_aranges
                0x0000000000000560       0x50 Drivers/STM32F4xx_HAL_Driver/Src/stm32f4xx_hal_crc.o
 .debug_aranges
                0x00000000000005b0       0x58 Drivers/STM32F4xx_HAL_Driver/Src/stm32f4xx_hal_gpio.o
 .debug_aranges
                0x0000000000000608       0x60 Drivers/STM32F4xx_HAL_Driver/Src/stm32f4xx_hal_pwr_ex.o
 .debug_aranges
                0x0000000000000668       0x88 Drivers/STM32F4xx_HAL_Driver/Src/stm32f4xx_hal_rcc.o
 .debug_aranges
                0x00000000000006f0       0x78 Drivers/STM32F4xx_HAL_Driver/Src/stm32f4xx_hal_rcc_ex.o
 .debug_aranges
                0x0000000000000768      0x1d0 Drivers/STM32F4xx_HAL_Driver/Src/stm32f4xx_hal_spi.o
 .debug_aranges
                0x0000000000000938      0x3a8 Drivers/STM32F4xx_HAL_Driver/Src/stm32f4xx_hal_tim.o
 .debug_aranges
                0x0000000000000ce0      0x150 Drivers/STM32F4xx_HAL_Driver/Src/stm32f4xx_hal_tim_ex.o
 .debug_aranges
                0x0000000000000e30      0x1d0 Drivers/STM32F4xx_HAL_Driver/Src/stm32f4xx_hal_uart.o
 .debug_aranges
                0x0000000000001000       0x30 FastMath/fast_math.o
 .debug_aranges
                0x0000000000001030       0xa0 Lowlevel/lowlevel.o
 .debug_aranges
                0x00000000000010d0       0x30 MotorControl/motor_control.o
 .debug_aranges
                0x0000000000001100       0x20 Util/util.o

.debug_ranges   0x0000000000000000      0xf68
 .debug_ranges  0x0000000000000000       0x30 Core/Src/adc.o
 .debug_ranges  0x0000000000000030       0x20 Core/Src/crc.o
 .debug_ranges  0x0000000000000050       0x10 Core/Src/gpio.o
 .debug_ranges  0x0000000000000060       0x18 Core/Src/jdrive_main.o
 .debug_ranges  0x0000000000000078       0x20 Core/Src/main.o
 .debug_ranges  0x0000000000000098       0x20 Core/Src/spi.o
 .debug_ranges  0x00000000000000b8       0x10 Core/Src/stm32f4xx_hal_msp.o
 .debug_ranges  0x00000000000000c8       0x60 Core/Src/stm32f4xx_it.o
 .debug_ranges  0x0000000000000128       0x18 Core/Src/system_stm32f4xx.o
 .debug_ranges  0x0000000000000140       0x38 Core/Src/tim.o
 .debug_ranges  0x0000000000000178       0x20 Core/Src/usart.o
 .debug_ranges  0x0000000000000198       0x20 Core/Startup/startup_stm32f446retx.o
 .debug_ranges  0x00000000000001b8       0xe0 Drivers/STM32F4xx_HAL_Driver/Src/stm32f4xx_hal.o
 .debug_ranges  0x0000000000000298       0xd8 Drivers/STM32F4xx_HAL_Driver/Src/stm32f4xx_hal_adc.o
 .debug_ranges  0x0000000000000370      0x108 Drivers/STM32F4xx_HAL_Driver/Src/stm32f4xx_hal_cortex.o
 .debug_ranges  0x0000000000000478       0x40 Drivers/STM32F4xx_HAL_Driver/Src/stm32f4xx_hal_crc.o
 .debug_ranges  0x00000000000004b8       0x48 Drivers/STM32F4xx_HAL_Driver/Src/stm32f4xx_hal_gpio.o
 .debug_ranges  0x0000000000000500       0x50 Drivers/STM32F4xx_HAL_Driver/Src/stm32f4xx_hal_pwr_ex.o
 .debug_ranges  0x0000000000000550       0x78 Drivers/STM32F4xx_HAL_Driver/Src/stm32f4xx_hal_rcc.o
 .debug_ranges  0x00000000000005c8       0x68 Drivers/STM32F4xx_HAL_Driver/Src/stm32f4xx_hal_rcc_ex.o
 .debug_ranges  0x0000000000000630      0x1c0 Drivers/STM32F4xx_HAL_Driver/Src/stm32f4xx_hal_spi.o
 .debug_ranges  0x00000000000007f0      0x398 Drivers/STM32F4xx_HAL_Driver/Src/stm32f4xx_hal_tim.o
 .debug_ranges  0x0000000000000b88      0x140 Drivers/STM32F4xx_HAL_Driver/Src/stm32f4xx_hal_tim_ex.o
 .debug_ranges  0x0000000000000cc8      0x1c0 Drivers/STM32F4xx_HAL_Driver/Src/stm32f4xx_hal_uart.o
 .debug_ranges  0x0000000000000e88       0x20 FastMath/fast_math.o
 .debug_ranges  0x0000000000000ea8       0x90 Lowlevel/lowlevel.o
 .debug_ranges  0x0000000000000f38       0x20 MotorControl/motor_control.o
 .debug_ranges  0x0000000000000f58       0x10 Util/util.o

.debug_macro    0x0000000000000000    0x270bf
 .debug_macro   0x0000000000000000      0x214 Core/Src/adc.o
 .debug_macro   0x0000000000000214      0xa5a Core/Src/adc.o
 .debug_macro   0x0000000000000c6e      0x2a6 Core/Src/adc.o
 .debug_macro   0x0000000000000f14       0x2e Core/Src/adc.o
 .debug_macro   0x0000000000000f42       0x28 Core/Src/adc.o
 .debug_macro   0x0000000000000f6a       0x22 Core/Src/adc.o
 .debug_macro   0x0000000000000f8c       0x8e Core/Src/adc.o
 .debug_macro   0x000000000000101a       0x51 Core/Src/adc.o
 .debug_macro   0x000000000000106b       0xef Core/Src/adc.o
 .debug_macro   0x000000000000115a       0x6a Core/Src/adc.o
 .debug_macro   0x00000000000011c4      0x1df Core/Src/adc.o
 .debug_macro   0x00000000000013a3       0x1c Core/Src/adc.o
 .debug_macro   0x00000000000013bf       0x22 Core/Src/adc.o
 .debug_macro   0x00000000000013e1       0xdf Core/Src/adc.o
 .debug_macro   0x00000000000014c0     0x102d Core/Src/adc.o
 .debug_macro   0x00000000000024ed      0x11f Core/Src/adc.o
 .debug_macro   0x000000000000260c    0x1672d Core/Src/adc.o
 .debug_macro   0x0000000000018d39       0x43 Core/Src/adc.o
 .debug_macro   0x0000000000018d7c     0x3659 Core/Src/adc.o
 .debug_macro   0x000000000001c3d5      0x174 Core/Src/adc.o
 .debug_macro   0x000000000001c549       0x5a Core/Src/adc.o
 .debug_macro   0x000000000001c5a3      0xc90 Core/Src/adc.o
 .debug_macro   0x000000000001d233      0x9fe Core/Src/adc.o
 .debug_macro   0x000000000001dc31      0x117 Core/Src/adc.o
 .debug_macro   0x000000000001dd48      0x1a0 Core/Src/adc.o
 .debug_macro   0x000000000001dee8       0x27 Core/Src/adc.o
 .debug_macro   0x000000000001df0f      0x16d Core/Src/adc.o
 .debug_macro   0x000000000001e07c      0x287 Core/Src/adc.o
 .debug_macro   0x000000000001e303       0x5f Core/Src/adc.o
 .debug_macro   0x000000000001e362      0x236 Core/Src/adc.o
 .debug_macro   0x000000000001e598      0x391 Core/Src/adc.o
 .debug_macro   0x000000000001e929      0x17d Core/Src/adc.o
 .debug_macro   0x000000000001eaa6       0xf9 Core/Src/adc.o
 .debug_macro   0x000000000001eb9f       0x22 Core/Src/adc.o
 .debug_macro   0x000000000001ebc1      0x132 Core/Src/adc.o
 .debug_macro   0x000000000001ecf3      0x29c Core/Src/adc.o
 .debug_macro   0x000000000001ef8f       0x2e Core/Src/adc.o
 .debug_macro   0x000000000001efbd      0x11a Core/Src/adc.o
 .debug_macro   0x000000000001f0d7       0xe8 Core/Src/adc.o
 .debug_macro   0x000000000001f1bf       0x89 Core/Src/adc.o
 .debug_macro   0x000000000001f248      0x225 Core/Src/adc.o
 .debug_macro   0x000000000001f46d      0x8a0 Core/Src/adc.o
 .debug_macro   0x000000000001fd0d       0x4d Core/Src/adc.o
 .debug_macro   0x000000000001fd5a      0x287 Core/Src/adc.o
 .debug_macro   0x000000000001ffe1      0x126 Core/Src/adc.o
 .debug_macro   0x0000000000020107      0x14e Core/Src/adc.o
 .debug_macro   0x0000000000020255      0x214 Core/Src/crc.o
 .debug_macro   0x0000000000020469      0x214 Core/Src/gpio.o
 .debug_macro   0x000000000002067d      0x3a1 Core/Src/jdrive_main.o
 .debug_macro   0x0000000000020a1e      0xb2c Core/Src/jdrive_main.o
 .debug_macro   0x000000000002154a       0x1c Core/Src/jdrive_main.o
 .debug_macro   0x0000000000021566     0x102d Core/Src/jdrive_main.o
 .debug_macro   0x0000000000022593      0x17b Core/Src/jdrive_main.o
 .debug_macro   0x000000000002270e      0x168 Core/Src/jdrive_main.o
 .debug_macro   0x0000000000022876       0x10 Core/Src/jdrive_main.o
 .debug_macro   0x0000000000022886      0x3f4 Core/Src/jdrive_main.o
 .debug_macro   0x0000000000022c7a      0x154 Core/Src/jdrive_main.o
 .debug_macro   0x0000000000022dce       0x4c Core/Src/jdrive_main.o
 .debug_macro   0x0000000000022e1a       0x18 Core/Src/jdrive_main.o
 .debug_macro   0x0000000000022e32       0x46 Core/Src/jdrive_main.o
 .debug_macro   0x0000000000022e78       0x18 Core/Src/jdrive_main.o
 .debug_macro   0x0000000000022e90       0x3c Core/Src/jdrive_main.o
 .debug_macro   0x0000000000022ecc       0x34 Core/Src/jdrive_main.o
 .debug_macro   0x0000000000022f00       0x52 Core/Src/jdrive_main.o
 .debug_macro   0x0000000000022f52       0x1f Core/Src/jdrive_main.o
 .debug_macro   0x0000000000022f71       0x43 Core/Src/jdrive_main.o
 .debug_macro   0x0000000000022fb4       0x20 Core/Src/jdrive_main.o
 .debug_macro   0x0000000000022fd4      0x1a3 Core/Src/jdrive_main.o
 .debug_macro   0x0000000000023177      0x34d Core/Src/jdrive_main.o
 .debug_macro   0x00000000000234c4      0x1da Core/Src/jdrive_main.o
 .debug_macro   0x000000000002369e       0x10 Core/Src/jdrive_main.o
 .debug_macro   0x00000000000236ae       0x16 Core/Src/jdrive_main.o
 .debug_macro   0x00000000000236c4       0x35 Core/Src/jdrive_main.o
 .debug_macro   0x00000000000236f9       0x16 Core/Src/jdrive_main.o
 .debug_macro   0x000000000002370f       0x29 Core/Src/jdrive_main.o
 .debug_macro   0x0000000000023738       0x10 Core/Src/jdrive_main.o
 .debug_macro   0x0000000000023748      0x3c7 Core/Src/jdrive_main.o
 .debug_macro   0x0000000000023b0f      0x254 Core/Src/main.o
 .debug_macro   0x0000000000023d63      0x214 Core/Src/spi.o
 .debug_macro   0x0000000000023f77      0x20a Core/Src/stm32f4xx_hal_msp.o
 .debug_macro   0x0000000000024181      0x214 Core/Src/stm32f4xx_it.o
 .debug_macro   0x0000000000024395      0x201 Core/Src/system_stm32f4xx.o
 .debug_macro   0x0000000000024596      0x214 Core/Src/tim.o
 .debug_macro   0x00000000000247aa      0x214 Core/Src/usart.o
 .debug_macro   0x00000000000249be      0x25b Drivers/STM32F4xx_HAL_Driver/Src/stm32f4xx_hal.o
 .debug_macro   0x0000000000024c19      0x1fc Drivers/STM32F4xx_HAL_Driver/Src/stm32f4xx_hal_adc.o
 .debug_macro   0x0000000000024e15      0x1fb Drivers/STM32F4xx_HAL_Driver/Src/stm32f4xx_hal_cortex.o
 .debug_macro   0x0000000000025010      0x1fb Drivers/STM32F4xx_HAL_Driver/Src/stm32f4xx_hal_crc.o
 .debug_macro   0x000000000002520b      0x231 Drivers/STM32F4xx_HAL_Driver/Src/stm32f4xx_hal_gpio.o
 .debug_macro   0x000000000002543c      0x213 Drivers/STM32F4xx_HAL_Driver/Src/stm32f4xx_hal_pwr_ex.o
 .debug_macro   0x000000000002564f      0x21f Drivers/STM32F4xx_HAL_Driver/Src/stm32f4xx_hal_rcc.o
 .debug_macro   0x000000000002586e      0x1fb Drivers/STM32F4xx_HAL_Driver/Src/stm32f4xx_hal_rcc_ex.o
 .debug_macro   0x0000000000025a69      0x20a Drivers/STM32F4xx_HAL_Driver/Src/stm32f4xx_hal_spi.o
 .debug_macro   0x0000000000025c73      0x1fc Drivers/STM32F4xx_HAL_Driver/Src/stm32f4xx_hal_tim.o
 .debug_macro   0x0000000000025e6f      0x1fb Drivers/STM32F4xx_HAL_Driver/Src/stm32f4xx_hal_tim_ex.o
 .debug_macro   0x000000000002606a      0x1fc Drivers/STM32F4xx_HAL_Driver/Src/stm32f4xx_hal_uart.o
 .debug_macro   0x0000000000026266      0x1bf FastMath/fast_math.o
 .debug_macro   0x0000000000026425      0x353 FastMath/fast_math.o
 .debug_macro   0x0000000000026778      0x383 Lowlevel/lowlevel.o
 .debug_macro   0x0000000000026afb      0x38d MotorControl/motor_control.o
 .debug_macro   0x0000000000026e88      0x237 Util/util.o

.debug_line     0x0000000000000000    0x11a8f
 .debug_line    0x0000000000000000      0x7d8 Core/Src/adc.o
 .debug_line    0x00000000000007d8      0x73f Core/Src/crc.o
 .debug_line    0x0000000000000f17      0x733 Core/Src/gpio.o
 .debug_line    0x000000000000164a      0xd92 Core/Src/jdrive_main.o
 .debug_line    0x00000000000023dc      0x7ab Core/Src/main.o
 .debug_line    0x0000000000002b87      0x762 Core/Src/spi.o
 .debug_line    0x00000000000032e9      0x720 Core/Src/stm32f4xx_hal_msp.o
 .debug_line    0x0000000000003a09      0x7e8 Core/Src/stm32f4xx_it.o
 .debug_line    0x00000000000041f1      0x73b Core/Src/system_stm32f4xx.o
 .debug_line    0x000000000000492c      0x80c Core/Src/tim.o
 .debug_line    0x0000000000005138      0x754 Core/Src/usart.o
 .debug_line    0x000000000000588c       0x85 Core/Startup/startup_stm32f446retx.o
 .debug_line    0x0000000000005911      0x925 Drivers/STM32F4xx_HAL_Driver/Src/stm32f4xx_hal.o
 .debug_line    0x0000000000006236      0xb8c Drivers/STM32F4xx_HAL_Driver/Src/stm32f4xx_hal_adc.o
 .debug_line    0x0000000000006dc2      0xa49 Drivers/STM32F4xx_HAL_Driver/Src/stm32f4xx_hal_cortex.o
 .debug_line    0x000000000000780b      0x7d4 Drivers/STM32F4xx_HAL_Driver/Src/stm32f4xx_hal_crc.o
 .debug_line    0x0000000000007fdf      0x8f0 Drivers/STM32F4xx_HAL_Driver/Src/stm32f4xx_hal_gpio.o
 .debug_line    0x00000000000088cf      0x817 Drivers/STM32F4xx_HAL_Driver/Src/stm32f4xx_hal_pwr_ex.o
 .debug_line    0x00000000000090e6      0x97d Drivers/STM32F4xx_HAL_Driver/Src/stm32f4xx_hal_rcc.o
 .debug_line    0x0000000000009a63      0xb0e Drivers/STM32F4xx_HAL_Driver/Src/stm32f4xx_hal_rcc_ex.o
 .debug_line    0x000000000000a571     0x10e1 Drivers/STM32F4xx_HAL_Driver/Src/stm32f4xx_hal_spi.o
 .debug_line    0x000000000000b652     0x199e Drivers/STM32F4xx_HAL_Driver/Src/stm32f4xx_hal_tim.o
 .debug_line    0x000000000000cff0      0xd3b Drivers/STM32F4xx_HAL_Driver/Src/stm32f4xx_hal_tim_ex.o
 .debug_line    0x000000000000dd2b     0x1033 Drivers/STM32F4xx_HAL_Driver/Src/stm32f4xx_hal_uart.o
 .debug_line    0x000000000000ed5e      0x92d FastMath/fast_math.o
 .debug_line    0x000000000000f68b      0xde8 Lowlevel/lowlevel.o
 .debug_line    0x0000000000010473      0xcf7 MotorControl/motor_control.o
 .debug_line    0x000000000001116a      0x925 Util/util.o

.debug_str      0x0000000000000000    0xd8551
 .debug_str     0x0000000000000000    0xce177 Core/Src/adc.o
                                      0xce530 (size before relaxing)
 .debug_str     0x00000000000ce177       0xf0 Core/Src/crc.o
                                      0xce16a (size before relaxing)
 .debug_str     0x00000000000ce267       0x46 Core/Src/gpio.o
                                      0xce0cb (size before relaxing)
 .debug_str     0x00000000000ce2ad     0x60ef Core/Src/jdrive_main.o
                                      0xd4526 (size before relaxing)
 .debug_str     0x00000000000d439c      0x475 Core/Src/main.o
                                      0xcebe0 (size before relaxing)
 .debug_str     0x00000000000d4811       0x4b Core/Src/spi.o
                                      0xce528 (size before relaxing)
 .debug_str     0x00000000000d485c       0x2c Core/Src/stm32f4xx_hal_msp.o
                                      0xce030 (size before relaxing)
 .debug_str     0x00000000000d4888       0xef Core/Src/stm32f4xx_it.o
                                      0xce3f6 (size before relaxing)
 .debug_str     0x00000000000d4977       0xc4 Core/Src/system_stm32f4xx.o
                                      0xcdbbc (size before relaxing)
 .debug_str     0x00000000000d4a3b      0x71b Core/Src/tim.o
                                      0xcec4c (size before relaxing)
 .debug_str     0x00000000000d5156       0x57 Core/Src/usart.o
                                      0xce50b (size before relaxing)
 .debug_str     0x00000000000d51ad       0x36 Core/Startup/startup_stm32f446retx.o
                                         0x62 (size before relaxing)
 .debug_str     0x00000000000d51e3      0x58d Drivers/STM32F4xx_HAL_Driver/Src/stm32f4xx_hal.o
                                      0xce6ca (size before relaxing)
 .debug_str     0x00000000000d5770      0x2a2 Drivers/STM32F4xx_HAL_Driver/Src/stm32f4xx_hal_adc.o
                                      0xce12e (size before relaxing)
 .debug_str     0x00000000000d5a12      0x392 Drivers/STM32F4xx_HAL_Driver/Src/stm32f4xx_hal_cortex.o
                                      0xce494 (size before relaxing)
 .debug_str     0x00000000000d5da4       0xaa Drivers/STM32F4xx_HAL_Driver/Src/stm32f4xx_hal_crc.o
                                      0xcdbdc (size before relaxing)
 .debug_str     0x00000000000d5e4e      0x1f9 Drivers/STM32F4xx_HAL_Driver/Src/stm32f4xx_hal_gpio.o
                                      0xcddfb (size before relaxing)
 .debug_str     0x00000000000d6047      0x135 Drivers/STM32F4xx_HAL_Driver/Src/stm32f4xx_hal_pwr_ex.o
                                      0xcdd9f (size before relaxing)
 .debug_str     0x00000000000d617c      0x243 Drivers/STM32F4xx_HAL_Driver/Src/stm32f4xx_hal_rcc.o
                                      0xcdfae (size before relaxing)
 .debug_str     0x00000000000d63bf      0x31c Drivers/STM32F4xx_HAL_Driver/Src/stm32f4xx_hal_rcc_ex.o
                                      0xce000 (size before relaxing)
 .debug_str     0x00000000000d66db      0x55f Drivers/STM32F4xx_HAL_Driver/Src/stm32f4xx_hal_spi.o
                                      0xce405 (size before relaxing)
 .debug_str     0x00000000000d6c3a      0xcaa Drivers/STM32F4xx_HAL_Driver/Src/stm32f4xx_hal_tim.o
                                      0xceca3 (size before relaxing)
 .debug_str     0x00000000000d78e4      0x40e Drivers/STM32F4xx_HAL_Driver/Src/stm32f4xx_hal_tim_ex.o
                                      0xce4a3 (size before relaxing)
 .debug_str     0x00000000000d7cf2      0x50d Drivers/STM32F4xx_HAL_Driver/Src/stm32f4xx_hal_uart.o
                                      0xce3e3 (size before relaxing)
 .debug_str     0x00000000000d81ff       0x7e FastMath/fast_math.o
                                       0x9ce4 (size before relaxing)
 .debug_str     0x00000000000d827d      0x279 Lowlevel/lowlevel.o
                                      0xd463d (size before relaxing)
 .debug_str     0x00000000000d84f6       0x2d MotorControl/motor_control.o
                                      0xd4468 (size before relaxing)
 .debug_str     0x00000000000d8523       0x2e Util/util.o
                                      0xcf774 (size before relaxing)

.comment        0x0000000000000000       0x7b
 .comment       0x0000000000000000       0x7b Core/Src/adc.o
                                         0x7c (size before relaxing)
 .comment       0x000000000000007b       0x7c Core/Src/crc.o
 .comment       0x000000000000007b       0x7c Core/Src/gpio.o
 .comment       0x000000000000007b       0x7c Core/Src/jdrive_main.o
 .comment       0x000000000000007b       0x7c Core/Src/main.o
 .comment       0x000000000000007b       0x7c Core/Src/spi.o
 .comment       0x000000000000007b       0x7c Core/Src/stm32f4xx_hal_msp.o
 .comment       0x000000000000007b       0x7c Core/Src/stm32f4xx_it.o
 .comment       0x000000000000007b       0x7c Core/Src/system_stm32f4xx.o
 .comment       0x000000000000007b       0x7c Core/Src/tim.o
 .comment       0x000000000000007b       0x7c Core/Src/usart.o
 .comment       0x000000000000007b       0x7c Drivers/STM32F4xx_HAL_Driver/Src/stm32f4xx_hal.o
 .comment       0x000000000000007b       0x7c Drivers/STM32F4xx_HAL_Driver/Src/stm32f4xx_hal_adc.o
 .comment       0x000000000000007b       0x7c Drivers/STM32F4xx_HAL_Driver/Src/stm32f4xx_hal_cortex.o
 .comment       0x000000000000007b       0x7c Drivers/STM32F4xx_HAL_Driver/Src/stm32f4xx_hal_crc.o
 .comment       0x000000000000007b       0x7c Drivers/STM32F4xx_HAL_Driver/Src/stm32f4xx_hal_gpio.o
 .comment       0x000000000000007b       0x7c Drivers/STM32F4xx_HAL_Driver/Src/stm32f4xx_hal_pwr_ex.o
 .comment       0x000000000000007b       0x7c Drivers/STM32F4xx_HAL_Driver/Src/stm32f4xx_hal_rcc.o
 .comment       0x000000000000007b       0x7c Drivers/STM32F4xx_HAL_Driver/Src/stm32f4xx_hal_rcc_ex.o
 .comment       0x000000000000007b       0x7c Drivers/STM32F4xx_HAL_Driver/Src/stm32f4xx_hal_spi.o
 .comment       0x000000000000007b       0x7c Drivers/STM32F4xx_HAL_Driver/Src/stm32f4xx_hal_tim.o
 .comment       0x000000000000007b       0x7c Drivers/STM32F4xx_HAL_Driver/Src/stm32f4xx_hal_tim_ex.o
 .comment       0x000000000000007b       0x7c Drivers/STM32F4xx_HAL_Driver/Src/stm32f4xx_hal_uart.o
 .comment       0x000000000000007b       0x7c FastMath/fast_math.o
 .comment       0x000000000000007b       0x7c Lowlevel/lowlevel.o
 .comment       0x000000000000007b       0x7c MotorControl/motor_control.o
 .comment       0x000000000000007b       0x7c Util/util.o

.debug_frame    0x0000000000000000     0x4884
 .debug_frame   0x0000000000000000       0xc4 Core/Src/adc.o
 .debug_frame   0x00000000000000c4       0x7c Core/Src/crc.o
 .debug_frame   0x0000000000000140       0x34 Core/Src/gpio.o
 .debug_frame   0x0000000000000174       0x4c Core/Src/jdrive_main.o
 .debug_frame   0x00000000000001c0       0x70 Core/Src/main.o
 .debug_frame   0x0000000000000230       0x74 Core/Src/spi.o
 .debug_frame   0x00000000000002a4       0x38 Core/Src/stm32f4xx_hal_msp.o
 .debug_frame   0x00000000000002dc      0x144 Core/Src/stm32f4xx_it.o
 .debug_frame   0x0000000000000420       0x58 Core/Src/system_stm32f4xx.o
 .debug_frame   0x0000000000000478       0xe8 Core/Src/tim.o
 .debug_frame   0x0000000000000560       0x74 Core/Src/usart.o
 .debug_frame   0x00000000000005d4      0x374 Drivers/STM32F4xx_HAL_Driver/Src/stm32f4xx_hal.o
 .debug_frame   0x0000000000000948      0x3fc Drivers/STM32F4xx_HAL_Driver/Src/stm32f4xx_hal_adc.o
 .debug_frame   0x0000000000000d44      0x498 Drivers/STM32F4xx_HAL_Driver/Src/stm32f4xx_hal_cortex.o
 .debug_frame   0x00000000000011dc      0x120 Drivers/STM32F4xx_HAL_Driver/Src/stm32f4xx_hal_crc.o
 .debug_frame   0x00000000000012fc      0x14c Drivers/STM32F4xx_HAL_Driver/Src/stm32f4xx_hal_gpio.o
 .debug_frame   0x0000000000001448      0x14c Drivers/STM32F4xx_HAL_Driver/Src/stm32f4xx_hal_pwr_ex.o
 .debug_frame   0x0000000000001594      0x1f0 Drivers/STM32F4xx_HAL_Driver/Src/stm32f4xx_hal_rcc.o
 .debug_frame   0x0000000000001784      0x1e0 Drivers/STM32F4xx_HAL_Driver/Src/stm32f4xx_hal_rcc_ex.o
 .debug_frame   0x0000000000001964      0x824 Drivers/STM32F4xx_HAL_Driver/Src/stm32f4xx_hal_spi.o
 .debug_frame   0x0000000000002188     0x10f0 Drivers/STM32F4xx_HAL_Driver/Src/stm32f4xx_hal_tim.o
 .debug_frame   0x0000000000003278      0x5c0 Drivers/STM32F4xx_HAL_Driver/Src/stm32f4xx_hal_tim_ex.o
 .debug_frame   0x0000000000003838      0x844 Drivers/STM32F4xx_HAL_Driver/Src/stm32f4xx_hal_uart.o
 .debug_frame   0x000000000000407c       0x88 FastMath/fast_math.o
 .debug_frame   0x0000000000004104      0x230 Lowlevel/lowlevel.o
 .debug_frame   0x0000000000004334       0x80 MotorControl/motor_control.o
 .debug_frame   0x00000000000043b4       0x34 Util/util.o
 .debug_frame   0x00000000000043e8       0x2c c:/st/stm32cubeide_1.3.0/stm32cubeide/plugins/com.st.stm32cube.ide.mcu.externaltools.gnu-tools-for-stm32.7-2018-q2-update.win32_1.4.0.202007081208/tools/bin/../lib/gcc/arm-none-eabi/7.3.1/../../../../arm-none-eabi/lib/thumb/v7e-m/fpv4-sp/hard\libm.a(lib_a-s_sin.o)
 .debug_frame   0x0000000000004414       0x40 c:/st/stm32cubeide_1.3.0/stm32cubeide/plugins/com.st.stm32cube.ide.mcu.externaltools.gnu-tools-for-stm32.7-2018-q2-update.win32_1.4.0.202007081208/tools/bin/../lib/gcc/arm-none-eabi/7.3.1/../../../../arm-none-eabi/lib/thumb/v7e-m/fpv4-sp/hard\libm.a(lib_a-e_rem_pio2.o)
 .debug_frame   0x0000000000004454       0x4c c:/st/stm32cubeide_1.3.0/stm32cubeide/plugins/com.st.stm32cube.ide.mcu.externaltools.gnu-tools-for-stm32.7-2018-q2-update.win32_1.4.0.202007081208/tools/bin/../lib/gcc/arm-none-eabi/7.3.1/../../../../arm-none-eabi/lib/thumb/v7e-m/fpv4-sp/hard\libm.a(lib_a-k_cos.o)
 .debug_frame   0x00000000000044a0       0x54 c:/st/stm32cubeide_1.3.0/stm32cubeide/plugins/com.st.stm32cube.ide.mcu.externaltools.gnu-tools-for-stm32.7-2018-q2-update.win32_1.4.0.202007081208/tools/bin/../lib/gcc/arm-none-eabi/7.3.1/../../../../arm-none-eabi/lib/thumb/v7e-m/fpv4-sp/hard\libm.a(lib_a-k_rem_pio2.o)
 .debug_frame   0x00000000000044f4       0x40 c:/st/stm32cubeide_1.3.0/stm32cubeide/plugins/com.st.stm32cube.ide.mcu.externaltools.gnu-tools-for-stm32.7-2018-q2-update.win32_1.4.0.202007081208/tools/bin/../lib/gcc/arm-none-eabi/7.3.1/../../../../arm-none-eabi/lib/thumb/v7e-m/fpv4-sp/hard\libm.a(lib_a-k_sin.o)
 .debug_frame   0x0000000000004534       0x20 c:/st/stm32cubeide_1.3.0/stm32cubeide/plugins/com.st.stm32cube.ide.mcu.externaltools.gnu-tools-for-stm32.7-2018-q2-update.win32_1.4.0.202007081208/tools/bin/../lib/gcc/arm-none-eabi/7.3.1/../../../../arm-none-eabi/lib/thumb/v7e-m/fpv4-sp/hard\libm.a(lib_a-s_fabs.o)
 .debug_frame   0x0000000000004554       0x30 c:/st/stm32cubeide_1.3.0/stm32cubeide/plugins/com.st.stm32cube.ide.mcu.externaltools.gnu-tools-for-stm32.7-2018-q2-update.win32_1.4.0.202007081208/tools/bin/../lib/gcc/arm-none-eabi/7.3.1/../../../../arm-none-eabi/lib/thumb/v7e-m/fpv4-sp/hard\libm.a(lib_a-s_floor.o)
 .debug_frame   0x0000000000004584       0x2c c:/st/stm32cubeide_1.3.0/stm32cubeide/plugins/com.st.stm32cube.ide.mcu.externaltools.gnu-tools-for-stm32.7-2018-q2-update.win32_1.4.0.202007081208/tools/bin/../lib/gcc/arm-none-eabi/7.3.1/../../../../arm-none-eabi/lib/thumb/v7e-m/fpv4-sp/hard\libm.a(lib_a-s_scalbn.o)
 .debug_frame   0x00000000000045b0       0x20 c:/st/stm32cubeide_1.3.0/stm32cubeide/plugins/com.st.stm32cube.ide.mcu.externaltools.gnu-tools-for-stm32.7-2018-q2-update.win32_1.4.0.202007081208/tools/bin/../lib/gcc/arm-none-eabi/7.3.1/../../../../arm-none-eabi/lib/thumb/v7e-m/fpv4-sp/hard\libm.a(lib_a-s_copysign.o)
 .debug_frame   0x00000000000045d0       0x2c c:/st/stm32cubeide_1.3.0/stm32cubeide/plugins/com.st.stm32cube.ide.mcu.externaltools.gnu-tools-for-stm32.7-2018-q2-update.win32_1.4.0.202007081208/tools/bin/../lib/gcc/arm-none-eabi/7.3.1/../../../../arm-none-eabi/lib/thumb/v7e-m/fpv4-sp/hard\libc_nano.a(lib_a-init.o)
 .debug_frame   0x00000000000045fc       0x20 c:/st/stm32cubeide_1.3.0/stm32cubeide/plugins/com.st.stm32cube.ide.mcu.externaltools.gnu-tools-for-stm32.7-2018-q2-update.win32_1.4.0.202007081208/tools/bin/../lib/gcc/arm-none-eabi/7.3.1/../../../../arm-none-eabi/lib/thumb/v7e-m/fpv4-sp/hard\libc_nano.a(lib_a-memset.o)