lowlevel.cpp:13:6:void HAL_TIM_PeriodElapsedCallback(TIM_HandleTypeDef*)	16	static
lowlevel.cpp:47:6:void StartOnBoardLED()	8	static
lowlevel.cpp:52:6:void SetOnBoardLED(uint32_t)	16	static
lowlevel.cpp:57:6:void SetControlFunc(void (*)())	16	static
lowlevel.cpp:62:6:void StartControlTimer()	8	static
lowlevel.cpp:68:6:void StartInverterPWM()	8	static
lowlevel.cpp:78:6:void SetInverterPWMDuty(uint32_t, uint32_t, uint32_t)	24	static
lowlevel.cpp:85:6:void ControlStart()	4	static
lowlevel.cpp:90:6:void StartADC()	8	static
lowlevel.cpp:98:10:uint16_t GetSO1()	4	static
lowlevel.cpp:103:10:uint16_t GetSO2()	4	static
lowlevel.cpp:108:10:uint16_t GetDCVoltageRaw()	4	static
lowlevel.cpp:113:10:uint16_t GetMotorTempRaw()	4	static
lowlevel.cpp:118:10:uint16_t GetFETTempRaw()	4	static
lowlevel.cpp:123:6:void OnGateDriver()	8	static
lowlevel.cpp:128:6:void OffGateDriver()	8	static
lowlevel.cpp:133:9:uint8_t GateFault()	8	static
