lowlevel.cpp:9:6:void HAL_TIM_PeriodElapsedCallback(TIM_HandleTypeDef*)	16	static
lowlevel.cpp:40:6:void StartOnBoardLED()	8	static
lowlevel.cpp:45:6:void SetOnBoardLED(uint32_t)	16	static
lowlevel.cpp:50:6:void StartControlTimer()	8	static
lowlevel.cpp:56:6:void StartInverterPWM()	8	static
lowlevel.cpp:66:6:void SetInverterPWMDuty(uint32_t, uint32_t, uint32_t)	24	static
lowlevel.cpp:73:6:void StartADC()	8	static
lowlevel.cpp:81:10:uint16_t GetSO1()	4	static
lowlevel.cpp:86:10:uint16_t GetSO2()	4	static
lowlevel.cpp:91:10:uint16_t GetDCVoltageRaw()	4	static
lowlevel.cpp:96:10:uint16_t GetMotorTempRaw()	4	static
lowlevel.cpp:101:10:uint16_t GetFETTempRaw()	4	static
lowlevel.cpp:106:6:void OnGateDriver()	8	static
lowlevel.cpp:111:6:void OffGateDriver()	8	static
lowlevel.cpp:116:9:uint8_t GateFault()	8	static
